Product: MDK-ARM Standard 5.10
Component: ARM Compiler 5.04 update 1 (build 49)
Tool: armlink [5040049]

==============================================================================

Section Cross References

    main.o(.text) refers to simple_uart.o(.text) for simple_uart_config
    main.o(.text) refers to mesh_baseband.o(.text) for baseband_init
    main.o(.text) refers to mesh_app.o(.text) for app_test
    simple_uart.o(.text) refers to simple_uart.o(.emb_text) for __asm___13_simple_uart_c_5dda6715__nrf_delay_us
    ts_peripheral.o(.text) refers to uread4.o(.text) for __aeabi_uread4
    ts_peripheral.o(.text) refers to ts_peripheral.o(.data) for .data
    router.o(.text) refers to rt_memcpy.o(.text) for __aeabi_memcpy
    router.o(.text) refers to mesh_app.o(.text) for node_on_receive_cb
    router.o(.text) refers to ts_peripheral.o(.text) for periph_radio_packet_ptr_set
    router.o(.text) refers to router.o(.data) for .data
    router.o(.text) refers to mesh_app.o(.data) for radio_app_rx_data
    router.o(.text) refers to mesh_baseband.o(.data) for radio_events
    router.o(.text) refers to mesh_baseband.o(.data) for radio_times
    router.o(.text) refers to fsm_sconn.o(.data) for interval
    mesh_baseband.o(.text) refers to ts_peripheral.o(i.periph_ppi_set) for periph_ppi_set
    mesh_baseband.o(.text) refers to ts_peripheral.o(i.periph_radio_shorts_set) for periph_radio_shorts_set
    mesh_baseband.o(.text) refers to router.o(.text) for radio_set_slot
    mesh_baseband.o(.text) refers to fsm_sconn.o(.text) for slave_set_ch
    mesh_baseband.o(.text) refers to fsm_adv_generic.o(.text) for adv_set_ch
    mesh_baseband.o(.text) refers to ts_peripheral.o(.text) for periph_radio_packet_ptr_set
    mesh_baseband.o(.text) refers to ts_peripheral.o(i.periph_radio_intenset) for periph_radio_intenset
    mesh_baseband.o(.text) refers to mesh_baseband.o(.data) for .data
    mesh_baseband.o(.text) refers to fsm_adv_generic.o(.data) for bb_fsm
    mesh_baseband.o(.text) refers to slave_dispatch.o(.data) for counter
    mesh_baseband.o(.text) refers to mesh_baseband.o(.bss) for .bss
    mesh_baseband.o(.text) refers to router.o(.data) for node_enable
    mesh_app.o(.text) refers to mesh_app.o(i.__ARM_common_switch8) for __ARM_common_switch8
    mesh_app.o(.text) refers to att.o(.text) for att_server_rd
    mesh_app.o(.text) refers to router.o(.text) for root_set
    mesh_app.o(.text) refers to mesh_app.o(.data) for .data
    fsm_adv_generic.o(.text) refers to mesh_baseband.o(.text) for bb_setConnRole
    fsm_adv_generic.o(.text) refers to ts_peripheral.o(i.periph_radio_ch_set) for periph_radio_ch_set
    fsm_adv_generic.o(.text) refers to ts_peripheral.o(.text) for periph_radio_packet_ptr_set
    fsm_adv_generic.o(.text) refers to ts_peripheral.o(i.periph_radio_shorts_set) for periph_radio_shorts_set
    fsm_adv_generic.o(.text) refers to fsm_sconn.o(.text) for bb_sconnStart
    fsm_adv_generic.o(.text) refers to fsm_adv_generic.o(.constdata) for .constdata
    fsm_adv_generic.o(.text) refers to fsm_adv_generic.o(.data) for .data
    fsm_adv_generic.o(.text) refers to fsm_adv_generic.o(.bss) for .bss
    fsm_adv_generic.o(.constdata) refers to fsm_adv_generic.o(.text) for adv_generic_onStart
    fsm_sconn.o(.text) refers to rt_memcpy.o(.text) for __aeabi_memcpy
    fsm_sconn.o(.text) refers to mesh_baseband.o(.text) for bb_setConnRole
    fsm_sconn.o(.text) refers to ts_peripheral.o(.text) for periph_radio_packet_ptr_set
    fsm_sconn.o(.text) refers to aeabi_sdiv.o(.text) for __aeabi_uidivmod
    fsm_sconn.o(.text) refers to slave_dispatch.o(.text) for s_opcodeCheck
    fsm_sconn.o(.text) refers to fsm_sconn.o(.data) for .data
    fsm_sconn.o(.text) refers to fsm_sconn.o(.bss) for .bss
    fsm_sconn.o(.text) refers to fsm_sconn.o(.constdata) for .constdata
    fsm_sconn.o(.text) refers to fsm_adv_generic.o(.data) for bb_fsm
    fsm_sconn.o(.constdata) refers to fsm_sconn.o(.text) for sconn_onWakeup
    att.o(.text) refers to fsm_sconn.o(.text) for set_pdu
    att.o(.text) refers to mesh_app.o(.text) for led_blink
    att.o(.text) refers to att.o(.bss) for .bss
    att.o(.text) refers to att.o(.data) for .data
    slave_dispatch.o(.text) refers to rt_memcpy.o(.text) for __aeabi_memcpy
    slave_dispatch.o(.text) refers to att.o(.text) for att_server_rdByType
    slave_dispatch.o(.text) refers to fsm_sconn.o(.text) for ch_update
    slave_dispatch.o(.text) refers to slave_dispatch.o(.bss) for .bss
    slave_dispatch.o(.text) refers to slave_dispatch.o(.data) for .data
    arm_startup_nrf51.o(STACK) refers (Special) to heapauxi.o(.text) for __use_two_region_memory
    arm_startup_nrf51.o(HEAP) refers (Special) to heapauxi.o(.text) for __use_two_region_memory
    arm_startup_nrf51.o(RESET) refers (Special) to heapauxi.o(.text) for __use_two_region_memory
    arm_startup_nrf51.o(RESET) refers to arm_startup_nrf51.o(STACK) for __initial_sp
    arm_startup_nrf51.o(RESET) refers to arm_startup_nrf51.o(.text) for Reset_Handler
    arm_startup_nrf51.o(RESET) refers to mesh_baseband.o(.text) for RADIO_IRQHandler
    arm_startup_nrf51.o(.text) refers (Special) to heapauxi.o(.text) for __use_two_region_memory
    arm_startup_nrf51.o(.text) refers to system_nrf51.o(.text) for SystemInit
    arm_startup_nrf51.o(.text) refers to __main.o(!!!main) for __main
    arm_startup_nrf51.o(.text) refers to arm_startup_nrf51.o(HEAP) for Heap_Mem
    arm_startup_nrf51.o(.text) refers to arm_startup_nrf51.o(STACK) for Stack_Mem
    system_nrf51.o(.text) refers to system_nrf51.o(.data) for .data
    rt_memcpy.o(.text) refers to rt_memcpy.o(.emb_text) for __aeabi_memcpy4
    __main.o(!!!main) refers to rtentry.o(.ARM.Collect$$rtentry$$00000000) for __rt_entry
    rtentry.o(.ARM.Collect$$rtentry$$00000000) refers (Special) to rtentry2.o(.ARM.Collect$$rtentry$$0000000A) for __rt_entry_li
    rtentry.o(.ARM.Collect$$rtentry$$00000000) refers (Special) to rtentry2.o(.ARM.Collect$$rtentry$$0000000D) for __rt_entry_main
    rtentry.o(.ARM.Collect$$rtentry$$00000000) refers (Special) to rtentry2.o(.ARM.Collect$$rtentry$$0000000C) for __rt_entry_postli_1
    rtentry.o(.ARM.Collect$$rtentry$$00000000) refers (Special) to rtentry2.o(.ARM.Collect$$rtentry$$00000009) for __rt_entry_postsh_1
    rtentry.o(.ARM.Collect$$rtentry$$00000000) refers (Special) to rtentry2.o(.ARM.Collect$$rtentry$$00000002) for __rt_entry_presh_1
    rtentry.o(.ARM.Collect$$rtentry$$00000000) refers (Special) to rtentry4.o(.ARM.Collect$$rtentry$$00000004) for __rt_entry_sh
    aeabi_idiv0_sigfpe.o(.text) refers to rt_div0.o(.text) for __rt_div0
    rtentry2.o(.ARM.Collect$$rtentry$$00000008) refers to boardinit2.o(.text) for _platform_post_stackheap_init
    rtentry2.o(.ARM.Collect$$rtentry$$0000000A) refers to libinit.o(.ARM.Collect$$libinit$$00000000) for __rt_lib_init
    rtentry2.o(.ARM.Collect$$rtentry$$0000000B) refers to boardinit3.o(.text) for _platform_post_lib_init
    rtentry2.o(.ARM.Collect$$rtentry$$0000000D) refers to main.o(.text) for main
    rtentry2.o(.ARM.Collect$$rtentry$$0000000D) refers to exit.o(.text) for exit
    rtentry2.o(.ARM.exidx) refers to rtentry2.o(.ARM.Collect$$rtentry$$00000001) for .ARM.Collect$$rtentry$$00000001
    rtentry2.o(.ARM.exidx) refers to rtentry2.o(.ARM.Collect$$rtentry$$00000008) for .ARM.Collect$$rtentry$$00000008
    rtentry2.o(.ARM.exidx) refers to rtentry2.o(.ARM.Collect$$rtentry$$0000000A) for .ARM.Collect$$rtentry$$0000000A
    rtentry2.o(.ARM.exidx) refers to rtentry2.o(.ARM.Collect$$rtentry$$0000000B) for .ARM.Collect$$rtentry$$0000000B
    rtentry2.o(.ARM.exidx) refers to rtentry2.o(.ARM.Collect$$rtentry$$0000000D) for .ARM.Collect$$rtentry$$0000000D
    rtentry4.o(.ARM.Collect$$rtentry$$00000004) refers to sys_stackheap_outer.o(.text) for __user_setup_stackheap
    rtentry4.o(.ARM.exidx) refers to rtentry4.o(.ARM.Collect$$rtentry$$00000004) for .ARM.Collect$$rtentry$$00000004
    rt_div0.o(.text) refers to defsig_fpe_outer.o(.text) for __rt_SIGFPE
    sys_stackheap_outer.o(.text) refers to libspace.o(.text) for __user_perproc_libspace
    sys_stackheap_outer.o(.text) refers to arm_startup_nrf51.o(.text) for __user_initial_stackheap
    sys_stackheap_outer.o(__vectab_stack_and_reset_area) refers to tempstk.o(.text) for __temporary_stack_top
    sys_stackheap_outer.o(__vectab_stack_and_reset_area) refers to __main.o(!!!main) for __main
    exit.o(.text) refers to rtexit.o(.ARM.Collect$$rtexit$$00000000) for __rt_exit
    defsig_fpe_outer.o(.text) refers to defsig_fpe_inner.o(.text) for __rt_SIGFPE_inner
    defsig_fpe_outer.o(.text) refers to defsig_exit.o(.text) for __sig_exit
    defsig_fpe_formal.o(.text) refers to rt_raise.o(.text) for __rt_raise
    libinit.o(.ARM.Collect$$libinit$$00000000) refers (Special) to libinit2.o(.ARM.Collect$$libinit$$0000002C) for __rt_lib_init_alloca_1
    libinit.o(.ARM.Collect$$libinit$$00000000) refers (Special) to libinit2.o(.ARM.Collect$$libinit$$0000002A) for __rt_lib_init_argv_1
    libinit.o(.ARM.Collect$$libinit$$00000000) refers (Special) to libinit2.o(.ARM.Collect$$libinit$$00000019) for __rt_lib_init_atexit_1
    libinit.o(.ARM.Collect$$libinit$$00000000) refers (Special) to libinit2.o(.ARM.Collect$$libinit$$0000001F) for __rt_lib_init_clock_1
    libinit.o(.ARM.Collect$$libinit$$00000000) refers (Special) to libinit2.o(.ARM.Collect$$libinit$$00000030) for __rt_lib_init_cpp_1
    libinit.o(.ARM.Collect$$libinit$$00000000) refers (Special) to libinit2.o(.ARM.Collect$$libinit$$0000002E) for __rt_lib_init_exceptions_1
    libinit.o(.ARM.Collect$$libinit$$00000000) refers (Special) to libinit2.o(.ARM.Collect$$libinit$$00000001) for __rt_lib_init_fp_1
    libinit.o(.ARM.Collect$$libinit$$00000000) refers (Special) to libinit2.o(.ARM.Collect$$libinit$$0000001D) for __rt_lib_init_fp_trap_1
    libinit.o(.ARM.Collect$$libinit$$00000000) refers (Special) to libinit2.o(.ARM.Collect$$libinit$$00000021) for __rt_lib_init_getenv_1
    libinit.o(.ARM.Collect$$libinit$$00000000) refers (Special) to libinit2.o(.ARM.Collect$$libinit$$00000008) for __rt_lib_init_heap_1
    libinit.o(.ARM.Collect$$libinit$$00000000) refers (Special) to libinit2.o(.ARM.Collect$$libinit$$0000000F) for __rt_lib_init_lc_collate_1
    libinit.o(.ARM.Collect$$libinit$$00000000) refers (Special) to libinit2.o(.ARM.Collect$$libinit$$00000011) for __rt_lib_init_lc_ctype_1
    libinit.o(.ARM.Collect$$libinit$$00000000) refers (Special) to libinit2.o(.ARM.Collect$$libinit$$00000013) for __rt_lib_init_lc_monetary_1
    libinit.o(.ARM.Collect$$libinit$$00000000) refers (Special) to libinit2.o(.ARM.Collect$$libinit$$00000015) for __rt_lib_init_lc_numeric_1
    libinit.o(.ARM.Collect$$libinit$$00000000) refers (Special) to libinit2.o(.ARM.Collect$$libinit$$00000017) for __rt_lib_init_lc_time_1
    libinit.o(.ARM.Collect$$libinit$$00000000) refers (Special) to libinit2.o(.ARM.Collect$$libinit$$0000000C) for __rt_lib_init_rand_1
    libinit.o(.ARM.Collect$$libinit$$00000000) refers (Special) to libinit2.o(.ARM.Collect$$libinit$$00000031) for __rt_lib_init_return
    libinit.o(.ARM.Collect$$libinit$$00000000) refers (Special) to libinit2.o(.ARM.Collect$$libinit$$0000001B) for __rt_lib_init_signal_1
    libinit.o(.ARM.Collect$$libinit$$00000000) refers (Special) to libinit2.o(.ARM.Collect$$libinit$$00000023) for __rt_lib_init_stdio_1
    libinit.o(.ARM.Collect$$libinit$$00000000) refers (Special) to libinit2.o(.ARM.Collect$$libinit$$0000000A) for __rt_lib_init_user_alloc_1
    libspace.o(.text) refers to libspace.o(.bss) for __libspace_start
    rtexit.o(.ARM.Collect$$rtexit$$00000000) refers (Special) to rtexit2.o(.ARM.Collect$$rtexit$$00000004) for __rt_exit_exit
    rtexit.o(.ARM.Collect$$rtexit$$00000000) refers (Special) to rtexit2.o(.ARM.Collect$$rtexit$$00000003) for __rt_exit_ls
    rtexit.o(.ARM.Collect$$rtexit$$00000000) refers (Special) to rtexit2.o(.ARM.Collect$$rtexit$$00000002) for __rt_exit_prels_1
    rtexit.o(.ARM.exidx) refers (Special) to rtexit2.o(.ARM.Collect$$rtexit$$00000004) for __rt_exit_exit
    rtexit.o(.ARM.exidx) refers (Special) to rtexit2.o(.ARM.Collect$$rtexit$$00000003) for __rt_exit_ls
    rtexit.o(.ARM.exidx) refers (Special) to rtexit2.o(.ARM.Collect$$rtexit$$00000002) for __rt_exit_prels_1
    rtexit.o(.ARM.exidx) refers to rtexit.o(.ARM.Collect$$rtexit$$00000000) for .ARM.Collect$$rtexit$$00000000
    rt_raise.o(.text) refers to __raise.o(.text) for __raise
    rt_raise.o(.text) refers to sys_exit.o(.text) for _sys_exit
    defsig_exit.o(.text) refers to sys_exit.o(.text) for _sys_exit
    defsig_fpe_inner.o(.text) refers to defsig_general.o(.text) for __default_signal_display
    libinit2.o(.ARM.Collect$$libinit$$0000000E) refers to libinit2.o(.ARM.Collect$$libinit$$0000000D) for .ARM.Collect$$libinit$$0000000D
    libinit2.o(.ARM.Collect$$libinit$$00000010) refers to libinit2.o(.ARM.Collect$$libinit$$0000000D) for .ARM.Collect$$libinit$$0000000D
    libinit2.o(.ARM.Collect$$libinit$$00000012) refers to libinit2.o(.ARM.Collect$$libinit$$0000000D) for .ARM.Collect$$libinit$$0000000D
    libinit2.o(.ARM.Collect$$libinit$$00000014) refers to libinit2.o(.ARM.Collect$$libinit$$0000000D) for .ARM.Collect$$libinit$$0000000D
    libinit2.o(.ARM.Collect$$libinit$$00000016) refers to libinit2.o(.ARM.Collect$$libinit$$0000000D) for .ARM.Collect$$libinit$$0000000D
    libinit2.o(.ARM.Collect$$libinit$$00000024) refers to argv_veneer.o(.text) for __ARM_argv_veneer
    libinit2.o(.ARM.Collect$$libinit$$00000025) refers to argv_veneer.o(.text) for __ARM_argv_veneer
    sys_exit.o(.text) refers (Special) to use_no_semi.o(.text) for __I$use$semihosting
    sys_exit.o(.text) refers (Special) to indicate_semi.o(.text) for __semihosting_library_function
    rtexit2.o(.ARM.Collect$$rtexit$$00000003) refers to libshutdown.o(.ARM.Collect$$libshutdown$$00000000) for __rt_lib_shutdown
    rtexit2.o(.ARM.Collect$$rtexit$$00000004) refers to sys_exit.o(.text) for _sys_exit
    rtexit2.o(.ARM.exidx) refers to rtexit2.o(.ARM.Collect$$rtexit$$00000001) for .ARM.Collect$$rtexit$$00000001
    rtexit2.o(.ARM.exidx) refers to rtexit2.o(.ARM.Collect$$rtexit$$00000003) for .ARM.Collect$$rtexit$$00000003
    rtexit2.o(.ARM.exidx) refers to rtexit2.o(.ARM.Collect$$rtexit$$00000004) for .ARM.Collect$$rtexit$$00000004
    __raise.o(.text) refers to defsig.o(CL$$defsig) for __default_signal_handler
    defsig_general.o(.text) refers to sys_wrch.o(.text) for _ttywrch
    sys_wrch.o(.text) refers (Special) to use_no_semi.o(.text) for __I$use$semihosting
    sys_wrch.o(.text) refers (Special) to indicate_semi.o(.text) for __semihosting_library_function
    defsig.o(CL$$defsig) refers to defsig_fpe_inner.o(.text) for __rt_SIGFPE_inner
    defsig.o(CL$$defsig) refers to defsig_rtmem_inner.o(.text) for __rt_SIGRTMEM_inner
    _get_argv_nomalloc.o(.text) refers (Special) to hrguard.o(.text) for __heap_region$guard
    _get_argv_nomalloc.o(.text) refers to defsig_rtmem_outer.o(.text) for __rt_SIGRTMEM
    _get_argv_nomalloc.o(.text) refers to sys_command.o(.text) for _sys_command_string
    libshutdown.o(.ARM.Collect$$libshutdown$$00000000) refers (Special) to libshutdown2.o(.ARM.Collect$$libshutdown$$00000006) for __rt_lib_shutdown_fp_trap_1
    libshutdown.o(.ARM.Collect$$libshutdown$$00000000) refers (Special) to libshutdown2.o(.ARM.Collect$$libshutdown$$0000000E) for __rt_lib_shutdown_heap_1
    libshutdown.o(.ARM.Collect$$libshutdown$$00000000) refers (Special) to libshutdown2.o(.ARM.Collect$$libshutdown$$0000000F) for __rt_lib_shutdown_return
    libshutdown.o(.ARM.Collect$$libshutdown$$00000000) refers (Special) to libshutdown2.o(.ARM.Collect$$libshutdown$$00000009) for __rt_lib_shutdown_signal_1
    libshutdown.o(.ARM.Collect$$libshutdown$$00000000) refers (Special) to libshutdown2.o(.ARM.Collect$$libshutdown$$00000003) for __rt_lib_shutdown_stdio_1
    libshutdown.o(.ARM.Collect$$libshutdown$$00000000) refers (Special) to libshutdown2.o(.ARM.Collect$$libshutdown$$0000000B) for __rt_lib_shutdown_user_alloc_1
    sys_command.o(.text) refers (Special) to use_no_semi.o(.text) for __I$use$semihosting
    sys_command.o(.text) refers (Special) to indicate_semi.o(.text) for __semihosting_library_function
    defsig_abrt_inner.o(.text) refers to defsig_general.o(.text) for __default_signal_display
    defsig_rtred_inner.o(.text) refers to defsig_general.o(.text) for __default_signal_display
    defsig_rtmem_inner.o(.text) refers to defsig_general.o(.text) for __default_signal_display
    defsig_rtmem_outer.o(.text) refers to defsig_rtmem_inner.o(.text) for __rt_SIGRTMEM_inner
    defsig_rtmem_outer.o(.text) refers to defsig_exit.o(.text) for __sig_exit
    defsig_rtmem_formal.o(.text) refers to rt_raise.o(.text) for __rt_raise
    defsig_stak_inner.o(.text) refers to defsig_general.o(.text) for __default_signal_display
    defsig_pvfn_inner.o(.text) refers to defsig_general.o(.text) for __default_signal_display
    defsig_cppl_inner.o(.text) refers to defsig_general.o(.text) for __default_signal_display
    defsig_segv_inner.o(.text) refers to defsig_general.o(.text) for __default_signal_display
    defsig_other.o(.text) refers to defsig_general.o(.text) for __default_signal_display
    ts_peripheral.o(i.periph_radio_ch_set) refers to ts_peripheral.o(.constdata) for .constdata
    ts_peripheral.o(i.periph_timer_start) refers to ts_peripheral.o(.text) for NVIC_EnableIRQ
    ts_peripheral.o(i.periph_timer1_start) refers to ts_peripheral.o(.text) for NVIC_EnableIRQ
    ts_peripheral.o(i.periph_timer2_start) refers to ts_peripheral.o(.text) for NVIC_EnableIRQ


==============================================================================

Removing Unused input sections from the image.

    Removing main.o(.rev16_text), (4 bytes).
    Removing main.o(.revsh_text), (4 bytes).
    Removing simple_uart.o(.rev16_text), (4 bytes).
    Removing simple_uart.o(.revsh_text), (4 bytes).
    Removing ts_peripheral.o(.rev16_text), (4 bytes).
    Removing ts_peripheral.o(.revsh_text), (4 bytes).
    Removing ts_peripheral.o(.emb_text), (30 bytes).
    Removing router.o(.rev16_text), (4 bytes).
    Removing router.o(.revsh_text), (4 bytes).
    Removing router.o(.data), (1 bytes).
    Removing mesh_baseband.o(.rev16_text), (4 bytes).
    Removing mesh_baseband.o(.revsh_text), (4 bytes).
    Removing mesh_app.o(.rev16_text), (4 bytes).
    Removing mesh_app.o(.revsh_text), (4 bytes).
    Removing mesh_app.o(.data), (20 bytes).
    Removing fsm_adv_generic.o(.rev16_text), (4 bytes).
    Removing fsm_adv_generic.o(.revsh_text), (4 bytes).
    Removing fsm_sconn.o(.rev16_text), (4 bytes).
    Removing fsm_sconn.o(.revsh_text), (4 bytes).
    Removing fsm_sconn.o(.data), (2 bytes).
    Removing att.o(.rev16_text), (4 bytes).
    Removing att.o(.revsh_text), (4 bytes).
    Removing slave_dispatch.o(.rev16_text), (4 bytes).
    Removing slave_dispatch.o(.revsh_text), (4 bytes).
    Removing system_nrf51.o(.rev16_text), (4 bytes).
    Removing system_nrf51.o(.revsh_text), (4 bytes).
    Removing ts_peripheral.o(i.periph_radio_tifs_set), (12 bytes).
    Removing ts_peripheral.o(i.periph_radio_rssi_read), (24 bytes).
    Removing ts_peripheral.o(i.periph_radio_intenclr), (12 bytes).
    Removing ts_peripheral.o(i.periph_radio_evts_clear), (28 bytes).
    Removing ts_peripheral.o(i.periph_radio_channel_get), (16 bytes).
    Removing ts_peripheral.o(i.periph_ppi_clear), (16 bytes).
    Removing ts_peripheral.o(i.periph_gpiote_config), (32 bytes).
    Removing ts_peripheral.o(i.periph_timer_start), (68 bytes).
    Removing ts_peripheral.o(i.periph_timer1_start), (68 bytes).
    Removing ts_peripheral.o(i.periph_timer2_start), (68 bytes).
    Removing ts_peripheral.o(i.periph_timer_abort), (24 bytes).

37 unused section(s) (total 509 bytes) removed from the image.

==============================================================================

Image Symbol Table

    Local Symbols

    Symbol Name                              Value     Ov Type        Size  Object(Section)

    RESET                                    0x00000000   Section      192  arm_startup_nrf51.o(RESET)
    ../clib/../cmprslib/zerorunl2.c          0x00000000   Number         0  __dczerorl2.o ABSOLUTE
    ../clib/angel/boardlib.s                 0x00000000   Number         0  boardinit1.o ABSOLUTE
    ../clib/angel/boardlib.s                 0x00000000   Number         0  boardshut.o ABSOLUTE
    ../clib/angel/boardlib.s                 0x00000000   Number         0  boardinit3.o ABSOLUTE
    ../clib/angel/boardlib.s                 0x00000000   Number         0  boardinit2.o ABSOLUTE
    ../clib/angel/handlers.s                 0x00000000   Number         0  __scatter_zi.o ABSOLUTE
    ../clib/angel/kernel.s                   0x00000000   Number         0  rtentry2.o ABSOLUTE
    ../clib/angel/kernel.s                   0x00000000   Number         0  rtentry4.o ABSOLUTE
    ../clib/angel/kernel.s                   0x00000000   Number         0  rtexit.o ABSOLUTE
    ../clib/angel/kernel.s                   0x00000000   Number         0  rtexit2.o ABSOLUTE
    ../clib/angel/kernel.s                   0x00000000   Number         0  rtentry.o ABSOLUTE
    ../clib/angel/rt.s                       0x00000000   Number         0  aeabi_idiv0.o ABSOLUTE
    ../clib/angel/rt.s                       0x00000000   Number         0  rt_raise.o ABSOLUTE
    ../clib/angel/rt.s                       0x00000000   Number         0  rt_div0.o ABSOLUTE
    ../clib/angel/rt.s                       0x00000000   Number         0  aeabi_idiv0_sigfpe.o ABSOLUTE
    ../clib/angel/scatterp.s                 0x00000000   Number         0  __scatter.o ABSOLUTE
    ../clib/angel/startup.s                  0x00000000   Number         0  __main.o ABSOLUTE
    ../clib/angel/sys.s                      0x00000000   Number         0  libspace.o ABSOLUTE
    ../clib/angel/sys.s                      0x00000000   Number         0  use_no_semi.o ABSOLUTE
    ../clib/angel/sys.s                      0x00000000   Number         0  indicate_semi.o ABSOLUTE
    ../clib/angel/sys.s                      0x00000000   Number         0  sys_stackheap_outer.o ABSOLUTE
    ../clib/angel/sys.s                      0x00000000   Number         0  tempstk.o ABSOLUTE
    ../clib/angel/sysapp.c                   0x00000000   Number         0  sys_command.o ABSOLUTE
    ../clib/angel/sysapp.c                   0x00000000   Number         0  sys_wrch.o ABSOLUTE
    ../clib/angel/sysapp.c                   0x00000000   Number         0  sys_exit.o ABSOLUTE
    ../clib/armsys.c                         0x00000000   Number         0  _get_argv_nomalloc.o ABSOLUTE
    ../clib/armsys.c                         0x00000000   Number         0  no_argv.o ABSOLUTE
    ../clib/armsys.c                         0x00000000   Number         0  argv_veneer.o ABSOLUTE
    ../clib/division.s                       0x00000000   Number         0  aeabi_sdiv.o ABSOLUTE
    ../clib/division.s                       0x00000000   Number         0  aeabi_sdiv_div0.o ABSOLUTE
    ../clib/heapalloc.c                      0x00000000   Number         0  hrguard.o ABSOLUTE
    ../clib/heapaux.c                        0x00000000   Number         0  heapauxi.o ABSOLUTE
    ../clib/libinit.s                        0x00000000   Number         0  libinit2.o ABSOLUTE
    ../clib/libinit.s                        0x00000000   Number         0  libinit.o ABSOLUTE
    ../clib/libinit.s                        0x00000000   Number         0  libshutdown.o ABSOLUTE
    ../clib/libinit.s                        0x00000000   Number         0  libshutdown2.o ABSOLUTE
    ../clib/memcpset.c                       0x00000000   Number         0  rt_memcpy.o ABSOLUTE
    ../clib/memcpset.c                       0x00000000   Number         0  rt_memcpy.o ABSOLUTE
    ../clib/signal.c                         0x00000000   Number         0  defsig_fpe_inner.o ABSOLUTE
    ../clib/signal.c                         0x00000000   Number         0  defsig_rtmem_formal.o ABSOLUTE
    ../clib/signal.c                         0x00000000   Number         0  defsig_exit.o ABSOLUTE
    ../clib/signal.c                         0x00000000   Number         0  defsig_rtmem_outer.o ABSOLUTE
    ../clib/signal.c                         0x00000000   Number         0  defsig_rtmem_inner.o ABSOLUTE
    ../clib/signal.c                         0x00000000   Number         0  defsig_fpe_formal.o ABSOLUTE
    ../clib/signal.c                         0x00000000   Number         0  __raise.o ABSOLUTE
    ../clib/signal.c                         0x00000000   Number         0  defsig_general.o ABSOLUTE
    ../clib/signal.c                         0x00000000   Number         0  defsig_fpe_outer.o ABSOLUTE
    ../clib/signal.c                         0x00000000   Number         0  defsig_abrt_inner.o ABSOLUTE
    ../clib/signal.c                         0x00000000   Number         0  defsig_rtred_inner.o ABSOLUTE
    ../clib/signal.c                         0x00000000   Number         0  defsig_other.o ABSOLUTE
    ../clib/signal.c                         0x00000000   Number         0  defsig_segv_inner.o ABSOLUTE
    ../clib/signal.c                         0x00000000   Number         0  defsig_cppl_inner.o ABSOLUTE
    ../clib/signal.c                         0x00000000   Number         0  defsig_pvfn_inner.o ABSOLUTE
    ../clib/signal.c                         0x00000000   Number         0  defsig_stak_inner.o ABSOLUTE
    ../clib/signal.s                         0x00000000   Number         0  defsig.o ABSOLUTE
    ../clib/stdlib.c                         0x00000000   Number         0  exit.o ABSOLUTE
    ../clib/unhosted.c                       0x00000000   Number         0  uread4.o ABSOLUTE
    ../fplib/cfplib/fpinit.c                 0x00000000   Number         0  fpinit.o ABSOLUTE
    ..\..\..\Source\simple_uart\simple_uart.c 0x00000000   Number         0  simple_uart.o ABSOLUTE
    ..\..\baseband\Source\fsm_adv_generic.c  0x00000000   Number         0  fsm_adv_generic.o ABSOLUTE
    ..\..\baseband\Source\fsm_sconn.c        0x00000000   Number         0  fsm_sconn.o ABSOLUTE
    ..\..\btle_hci\advertiser\ts_peripheral.c 0x00000000   Number         0  ts_peripheral.o ABSOLUTE
    ..\..\host\att.c                         0x00000000   Number         0  att.o ABSOLUTE
    ..\..\host\slave_dispatch.c              0x00000000   Number         0  slave_dispatch.o ABSOLUTE
    ..\..\mesh_app\Source\mesh_app.c         0x00000000   Number         0  mesh_app.o ABSOLUTE
    ..\..\mesh_app\Source\mesh_baseband.c    0x00000000   Number         0  mesh_baseband.o ABSOLUTE
    ..\..\mesh_app\Source\router.c           0x00000000   Number         0  router.o ABSOLUTE
    ..\\..\\..\\Source\\simple_uart\\simple_uart.c 0x00000000   Number         0  simple_uart.o ABSOLUTE
    ..\\..\\baseband\\Source\\fsm_adv_generic.c 0x00000000   Number         0  fsm_adv_generic.o ABSOLUTE
    ..\\..\\baseband\\Source\\fsm_sconn.c    0x00000000   Number         0  fsm_sconn.o ABSOLUTE
    ..\\..\\btle_hci\\advertiser\\ts_peripheral.c 0x00000000   Number         0  ts_peripheral.o ABSOLUTE
    ..\\..\\host\\att.c                      0x00000000   Number         0  att.o ABSOLUTE
    ..\\..\\host\\slave_dispatch.c           0x00000000   Number         0  slave_dispatch.o ABSOLUTE
    ..\\..\\mesh_app\\Source\\mesh_app.c     0x00000000   Number         0  mesh_app.o ABSOLUTE
    ..\\..\\mesh_app\\Source\\mesh_baseband.c 0x00000000   Number         0  mesh_baseband.o ABSOLUTE
    ..\\..\\mesh_app\\Source\\router.c       0x00000000   Number         0  router.o ABSOLUTE
    ..\\main.c                               0x00000000   Number         0  main.o ABSOLUTE
    ..\main.c                                0x00000000   Number         0  main.o ABSOLUTE
    RTE\Device\nRF51822_xxAA\arm_startup_nrf51.s 0x00000000   Number         0  arm_startup_nrf51.o ABSOLUTE
    RTE\Device\nRF51822_xxAA\system_nrf51.c  0x00000000   Number         0  system_nrf51.o ABSOLUTE
    RTE\\Device\\nRF51822_xxAA\\system_nrf51.c 0x00000000   Number         0  system_nrf51.o ABSOLUTE
    dc.s                                     0x00000000   Number         0  dc.o ABSOLUTE
    !!!main                                  0x000000c0   Section        8  __main.o(!!!main)
    !!!scatter                               0x000000c8   Section       60  __scatter.o(!!!scatter)
    !!handler_zi                             0x00000104   Section       28  __scatter_zi.o(!!handler_zi)
    .ARM.Collect$$libinit$$00000000          0x00000120   Section        2  libinit.o(.ARM.Collect$$libinit$$00000000)
    .ARM.Collect$$libinit$$00000001          0x00000122   Section        4  libinit2.o(.ARM.Collect$$libinit$$00000001)
    .ARM.Collect$$libinit$$00000008          0x00000126   Section        0  libinit2.o(.ARM.Collect$$libinit$$00000008)
    .ARM.Collect$$libinit$$0000000A          0x00000126   Section        0  libinit2.o(.ARM.Collect$$libinit$$0000000A)
    .ARM.Collect$$libinit$$0000000C          0x00000126   Section        0  libinit2.o(.ARM.Collect$$libinit$$0000000C)
    .ARM.Collect$$libinit$$0000000F          0x00000126   Section        0  libinit2.o(.ARM.Collect$$libinit$$0000000F)
    .ARM.Collect$$libinit$$00000011          0x00000126   Section        0  libinit2.o(.ARM.Collect$$libinit$$00000011)
    .ARM.Collect$$libinit$$00000013          0x00000126   Section        0  libinit2.o(.ARM.Collect$$libinit$$00000013)
    .ARM.Collect$$libinit$$00000015          0x00000126   Section        0  libinit2.o(.ARM.Collect$$libinit$$00000015)
    .ARM.Collect$$libinit$$00000017          0x00000126   Section        0  libinit2.o(.ARM.Collect$$libinit$$00000017)
    .ARM.Collect$$libinit$$00000019          0x00000126   Section        0  libinit2.o(.ARM.Collect$$libinit$$00000019)
    .ARM.Collect$$libinit$$0000001B          0x00000126   Section        0  libinit2.o(.ARM.Collect$$libinit$$0000001B)
    .ARM.Collect$$libinit$$0000001D          0x00000126   Section        0  libinit2.o(.ARM.Collect$$libinit$$0000001D)
    .ARM.Collect$$libinit$$0000001F          0x00000126   Section        0  libinit2.o(.ARM.Collect$$libinit$$0000001F)
    .ARM.Collect$$libinit$$00000021          0x00000126   Section        0  libinit2.o(.ARM.Collect$$libinit$$00000021)
    .ARM.Collect$$libinit$$00000023          0x00000126   Section        0  libinit2.o(.ARM.Collect$$libinit$$00000023)
    .ARM.Collect$$libinit$$0000002A          0x00000126   Section        0  libinit2.o(.ARM.Collect$$libinit$$0000002A)
    .ARM.Collect$$libinit$$0000002C          0x00000126   Section        0  libinit2.o(.ARM.Collect$$libinit$$0000002C)
    .ARM.Collect$$libinit$$0000002E          0x00000126   Section        0  libinit2.o(.ARM.Collect$$libinit$$0000002E)
    .ARM.Collect$$libinit$$00000030          0x00000126   Section        0  libinit2.o(.ARM.Collect$$libinit$$00000030)
    .ARM.Collect$$libinit$$00000031          0x00000126   Section        2  libinit2.o(.ARM.Collect$$libinit$$00000031)
    .ARM.Collect$$libshutdown$$00000000      0x00000128   Section        2  libshutdown.o(.ARM.Collect$$libshutdown$$00000000)
    .ARM.Collect$$libshutdown$$00000003      0x0000012a   Section        0  libshutdown2.o(.ARM.Collect$$libshutdown$$00000003)
    .ARM.Collect$$libshutdown$$00000006      0x0000012a   Section        0  libshutdown2.o(.ARM.Collect$$libshutdown$$00000006)
    .ARM.Collect$$libshutdown$$00000009      0x0000012a   Section        0  libshutdown2.o(.ARM.Collect$$libshutdown$$00000009)
    .ARM.Collect$$libshutdown$$0000000B      0x0000012a   Section        0  libshutdown2.o(.ARM.Collect$$libshutdown$$0000000B)
    .ARM.Collect$$libshutdown$$0000000E      0x0000012a   Section        0  libshutdown2.o(.ARM.Collect$$libshutdown$$0000000E)
    .ARM.Collect$$libshutdown$$0000000F      0x0000012a   Section        2  libshutdown2.o(.ARM.Collect$$libshutdown$$0000000F)
    .ARM.Collect$$rtentry$$00000000          0x0000012c   Section        0  rtentry.o(.ARM.Collect$$rtentry$$00000000)
    .ARM.Collect$$rtentry$$00000002          0x0000012c   Section        0  rtentry2.o(.ARM.Collect$$rtentry$$00000002)
    .ARM.Collect$$rtentry$$00000004          0x0000012c   Section        6  rtentry4.o(.ARM.Collect$$rtentry$$00000004)
    .ARM.Collect$$rtentry$$00000009          0x00000132   Section        0  rtentry2.o(.ARM.Collect$$rtentry$$00000009)
    .ARM.Collect$$rtentry$$0000000A          0x00000132   Section        4  rtentry2.o(.ARM.Collect$$rtentry$$0000000A)
    .ARM.Collect$$rtentry$$0000000C          0x00000136   Section        0  rtentry2.o(.ARM.Collect$$rtentry$$0000000C)
    .ARM.Collect$$rtentry$$0000000D          0x00000136   Section        8  rtentry2.o(.ARM.Collect$$rtentry$$0000000D)
    .ARM.Collect$$rtexit$$00000000           0x0000013e   Section        2  rtexit.o(.ARM.Collect$$rtexit$$00000000)
    .ARM.Collect$$rtexit$$00000002           0x00000140   Section        0  rtexit2.o(.ARM.Collect$$rtexit$$00000002)
    .ARM.Collect$$rtexit$$00000003           0x00000140   Section        4  rtexit2.o(.ARM.Collect$$rtexit$$00000003)
    .ARM.Collect$$rtexit$$00000004           0x00000144   Section        6  rtexit2.o(.ARM.Collect$$rtexit$$00000004)
    .emb_text                                0x0000014c   Section       30  simple_uart.o(.emb_text)
    .emb_text                                0x0000016c   Section       56  rt_memcpy.o(.emb_text)
    .text                                    0x000001a4   Section        0  main.o(.text)
    .text                                    0x000001ec   Section        0  simple_uart.o(.text)
    .text                                    0x000002dc   Section        0  ts_peripheral.o(.text)
    NVIC_EnableIRQ                           0x00000371   Thumb Code    14  ts_peripheral.o(.text)
    .text                                    0x000003b8   Section        0  router.o(.text)
    nrf_gpio_pin_toggle                      0x00000525   Thumb Code    14  router.o(.text)
    .text                                    0x00000560   Section        0  mesh_baseband.o(.text)
    nrf_gpio_pin_toggle                      0x0000088f   Thumb Code    14  mesh_baseband.o(.text)
    periph_radio_config                      0x0000089d   Thumb Code    92  mesh_baseband.o(.text)
    .text                                    0x00000934   Section        0  mesh_app.o(.text)
    nrf_gpio_pin_set                         0x00000a25   Thumb Code    10  mesh_app.o(.text)
    nrf_gpio_pin_clear                       0x00000a2f   Thumb Code    10  mesh_app.o(.text)
    nrf_gpio_pin_toggle                      0x00000a39   Thumb Code    14  mesh_app.o(.text)
    .text                                    0x00000a54   Section        0  fsm_adv_generic.o(.text)
    adv_generic_onStart                      0x00000a5f   Thumb Code    26  fsm_adv_generic.o(.text)
    adv_generic_onWakeup                     0x00000a79   Thumb Code    36  fsm_adv_generic.o(.text)
    adv_generic_onTxStarted                  0x00000a9d   Thumb Code    56  fsm_adv_generic.o(.text)
    adv_generic_onRxAA                       0x00000ad5   Thumb Code    96  fsm_adv_generic.o(.text)
    adv_generic_onRxPDU                      0x00000b35   Thumb Code    36  fsm_adv_generic.o(.text)
    adv_generic_onSleep                      0x00000b59   Thumb Code    10  fsm_adv_generic.o(.text)
    .text                                    0x00000b7c   Section        0  fsm_sconn.o(.text)
    sconn_onNumUsedCh                        0x00000b7d   Thumb Code    56  fsm_sconn.o(.text)
    sconn_onWakeup                           0x00000cb7   Thumb Code   104  fsm_sconn.o(.text)
    sconn_onTxStarted                        0x00000d1f   Thumb Code    12  fsm_sconn.o(.text)
    sconn_onRxAA                             0x00000d2b   Thumb Code     8  fsm_sconn.o(.text)
    sconn_onRxPDU                            0x00000d33   Thumb Code    22  fsm_sconn.o(.text)
    sconn_onSleep                            0x00000d49   Thumb Code    12  fsm_sconn.o(.text)
    .text                                    0x00000e8c   Section        0  att.o(.text)
    att_notFd                                0x00000f75   Thumb Code    64  att.o(.text)
    .text                                    0x000012ac   Section        0  slave_dispatch.o(.text)
    .text                                    0x00001468   Section       72  arm_startup_nrf51.o(.text)
    .text                                    0x000014b0   Section        0  system_nrf51.o(.text)
    is_manual_peripheral_setup_needed        0x000014f9   Thumb Code    66  system_nrf51.o(.text)
    .text                                    0x00001558   Section        0  rt_memcpy.o(.text)
    .text                                    0x000015da   Section        0  uread4.o(.text)
    .text                                    0x000015fc   Section      346  aeabi_sdiv.o(.text)
    .text                                    0x00001756   Section        0  heapauxi.o(.text)
    .text                                    0x0000175c   Section       62  sys_stackheap_outer.o(.text)
    .text                                    0x0000179a   Section        0  exit.o(.text)
    .text                                    0x000017a8   Section        8  libspace.o(.text)
    .text                                    0x000017b0   Section        0  sys_exit.o(.text)
    .text                                    0x000017bc   Section        2  use_no_semi.o(.text)
    .text                                    0x000017be   Section        0  indicate_semi.o(.text)
    .text                                    0x000017be   Section        0  __dczerorl2.o(.text)
    i.__ARM_common_switch8                   0x00001814   Section        0  mesh_app.o(i.__ARM_common_switch8)
    i.periph_ppi_set                         0x00001830   Section        0  ts_peripheral.o(i.periph_ppi_set)
    i.periph_radio_ch_set                    0x00001850   Section        0  ts_peripheral.o(i.periph_radio_ch_set)
    i.periph_radio_intenset                  0x00001878   Section        0  ts_peripheral.o(i.periph_radio_intenset)
    i.periph_radio_shorts_set                0x00001884   Section        0  ts_peripheral.o(i.periph_radio_shorts_set)
    .constdata                               0x00001890   Section        3  ts_peripheral.o(.constdata)
    freq_bins                                0x00001890   Data           3  ts_peripheral.o(.constdata)
    .constdata                               0x00001894   Section       28  fsm_adv_generic.o(.constdata)
    .constdata                               0x000018b0   Section       28  fsm_sconn.o(.constdata)
    sconnFsm                                 0x000018b0   Data          28  fsm_sconn.o(.constdata)
    .data                                    0x20000000   Section        4  ts_peripheral.o(.data)
    packet                                   0x20000000   Data           4  ts_peripheral.o(.data)
    .data                                    0x20000004   Section       84  router.o(.data)
    radio_times_record                       0x20000006   Data           2  router.o(.data)
    ble_adv_data                             0x20000031   Data          39  router.o(.data)
    .data                                    0x20000058   Section        2  mesh_baseband.o(.data)
    .data                                    0x2000005a   Section       36  mesh_baseband.o(.data)
    ble_disable_sign                         0x2000005a   Data           1  mesh_baseband.o(.data)
    ble_mode                                 0x2000005d   Data           1  mesh_baseband.o(.data)
    mesh_mode                                0x2000005e   Data           1  mesh_baseband.o(.data)
    tx_count                                 0x20000062   Data           2  mesh_baseband.o(.data)
    rx_count                                 0x20000064   Data           2  mesh_baseband.o(.data)
    ble_adv_data                             0x20000066   Data          24  mesh_baseband.o(.data)
    .data                                    0x2000007e   Section       61  mesh_app.o(.data)
    i                                        0x2000007f   Data           1  mesh_app.o(.data)
    .data                                    0x200000bc   Section       60  fsm_adv_generic.o(.data)
    adv_interval                             0x200000bd   Data           1  fsm_adv_generic.o(.data)
    channel                                  0x200000be   Data           1  fsm_adv_generic.o(.data)
    scan_sign                                0x200000bf   Data           1  fsm_adv_generic.o(.data)
    adv_count                                0x200000c0   Data           1  fsm_adv_generic.o(.data)
    ble_adv_data                             0x200000c8   Data          39  fsm_adv_generic.o(.data)
    scan_rsp                                 0x200000ef   Data           9  fsm_adv_generic.o(.data)
    .data                                    0x200000f8   Section       41  fsm_sconn.o(.data)
    winSize                                  0x200000f8   Data           1  fsm_sconn.o(.data)
    pre_ch                                   0x200000f9   Data           1  fsm_sconn.o(.data)
    hop                                      0x200000fa   Data           1  fsm_sconn.o(.data)
    sca                                      0x200000fb   Data           1  fsm_sconn.o(.data)
    i                                        0x200000fc   Data           1  fsm_sconn.o(.data)
    ch_update_sign                           0x200000fd   Data           1  fsm_sconn.o(.data)
    supervision_timeout                      0x200000fe   Data           1  fsm_sconn.o(.data)
    ch                                       0x200000ff   Data           1  fsm_sconn.o(.data)
    unmapped_ch                              0x20000100   Data           1  fsm_sconn.o(.data)
    num_used_channels                        0x20000101   Data           1  fsm_sconn.o(.data)
    numUnUseCh                               0x20000102   Data           1  fsm_sconn.o(.data)
    pdu_type                                 0x20000103   Data           1  fsm_sconn.o(.data)
    ch_instant                               0x20000104   Data           2  fsm_sconn.o(.data)
    winOffset                                0x20000106   Data           2  fsm_sconn.o(.data)
    connEvents                               0x2000010e   Data           2  fsm_sconn.o(.data)
    crcInit                                  0x20000110   Data           3  fsm_sconn.o(.data)
    AA                                       0x20000113   Data           4  fsm_sconn.o(.data)
    chM                                      0x20000117   Data           5  fsm_sconn.o(.data)
    chM_new                                  0x2000011c   Data           5  fsm_sconn.o(.data)
    .data                                    0x20000122   Section        6  att.o(.data)
    ll_ver_in                                0x20000122   Data           6  att.o(.data)
    .data                                    0x20000128   Section       42  slave_dispatch.o(.data)
    i                                        0x20000128   Data           1  slave_dispatch.o(.data)
    dataHdrP                                 0x20000129   Data           1  slave_dispatch.o(.data)
    llid                                     0x2000012a   Data           1  slave_dispatch.o(.data)
    llCoOpcode                               0x2000012b   Data           1  slave_dispatch.o(.data)
    attOpcode                                0x2000012c   Data           1  slave_dispatch.o(.data)
    attHandle                                0x2000012e   Data           2  slave_dispatch.o(.data)
    clientMtu                                0x20000130   Data           2  slave_dispatch.o(.data)
    att_incl                                 0x20000138   Data           6  slave_dispatch.o(.data)
    ser_pdu_n                                0x2000013e   Data          20  slave_dispatch.o(.data)
    .data                                    0x20000154   Section        4  system_nrf51.o(.data)
    __tagsym$$used                           0x20000154   Number         0  system_nrf51.o(.data)
    .bss                                     0x20000158   Section       39  mesh_baseband.o(.bss)
    radio_rx_data                            0x20000158   Data          39  mesh_baseband.o(.bss)
    .bss                                     0x2000017f   Section       37  fsm_adv_generic.o(.bss)
    ble_rx_data                              0x2000017f   Data          37  fsm_adv_generic.o(.bss)
    .bss                                     0x200001a4   Section      155  fsm_sconn.o(.bss)
    s_tx_data                                0x200001cc   Data          39  fsm_sconn.o(.bss)
    s_rx_data                                0x200001f3   Data          39  fsm_sconn.o(.bss)
    remapping_table                          0x2000021a   Data          37  fsm_sconn.o(.bss)
    .bss                                     0x2000023f   Section       28  att.o(.bss)
    tx_pdu                                   0x2000023f   Data          28  att.o(.bss)
    .bss                                     0x2000025b   Section       27  slave_dispatch.o(.bss)
    l2cap_pdu                                0x2000025b   Data          27  slave_dispatch.o(.bss)
    .bss                                     0x20000278   Section       96  libspace.o(.bss)
    HEAP                                     0x200002d8   Section     2048  arm_startup_nrf51.o(HEAP)
    Heap_Mem                                 0x200002d8   Data        2048  arm_startup_nrf51.o(HEAP)
    STACK                                    0x20000ad8   Section     2048  arm_startup_nrf51.o(STACK)
    Stack_Mem                                0x20000ad8   Data        2048  arm_startup_nrf51.o(STACK)
    __initial_sp                             0x200012d8   Data           0  arm_startup_nrf51.o(STACK)

    Global Symbols

    Symbol Name                              Value     Ov Type        Size  Object(Section)

    BuildAttributes$$THM_ISAv3M$S$PE$A:L22$X:L11$S22$IEEE1$IW$USESV6$~STKCKD$USESV7$~SHL$OSPACE$ROPI$EBA8$UX$STANDARDLIB$REQ8$PRES8$EABIv2 0x00000000   Number         0  anon$$obj.o ABSOLUTE
    __ARM_use_no_argv                        0x00000000   Number         0  main.o ABSOLUTE
    __Vectors                                0x00000000   Data           4  arm_startup_nrf51.o(RESET)
    __ARM_exceptions_init                     - Undefined Weak Reference
    __alloca_initialize                       - Undefined Weak Reference
    __cpp_initialize__aeabi_                  - Undefined Weak Reference
    __cxa_finalize                            - Undefined Weak Reference
    __rt_locale                               - Undefined Weak Reference
    __sigvec_lookup                           - Undefined Weak Reference
    _atexit_init                              - Undefined Weak Reference
    _call_atexit_fns                          - Undefined Weak Reference
    _clock_init                               - Undefined Weak Reference
    _fp_trap_init                             - Undefined Weak Reference
    _fp_trap_shutdown                         - Undefined Weak Reference
    _get_lc_collate                           - Undefined Weak Reference
    _get_lc_ctype                             - Undefined Weak Reference
    _get_lc_monetary                          - Undefined Weak Reference
    _get_lc_numeric                           - Undefined Weak Reference
    _get_lc_time                              - Undefined Weak Reference
    _getenv_init                              - Undefined Weak Reference
    _handle_redirection                       - Undefined Weak Reference
    _init_alloc                               - Undefined Weak Reference
    _init_user_alloc                          - Undefined Weak Reference
    _initio                                   - Undefined Weak Reference
    _rand_init                                - Undefined Weak Reference
    _signal_finish                            - Undefined Weak Reference
    _signal_init                              - Undefined Weak Reference
    _terminate_alloc                          - Undefined Weak Reference
    _terminate_user_alloc                     - Undefined Weak Reference
    _terminateio                              - Undefined Weak Reference
    __Vectors_End                            0x000000c0   Data           0  arm_startup_nrf51.o(RESET)
    __Vectors_Size                           0x000000c0   Number         0  arm_startup_nrf51.o ABSOLUTE
    __main                                   0x000000c1   Thumb Code     8  __main.o(!!!main)
    __scatterload                            0x000000c9   Thumb Code     0  __scatter.o(!!!scatter)
    __scatterload_rt2                        0x000000c9   Thumb Code    52  __scatter.o(!!!scatter)
    __scatterload_rt2_thumb_only             0x000000c9   Thumb Code     0  __scatter.o(!!!scatter)
    __scatterload_null                       0x000000d9   Thumb Code     0  __scatter.o(!!!scatter)
    __scatterload_zeroinit                   0x00000105   Thumb Code    28  __scatter_zi.o(!!handler_zi)
    __rt_lib_init                            0x00000121   Thumb Code     0  libinit.o(.ARM.Collect$$libinit$$00000000)
    __rt_lib_init_fp_1                       0x00000123   Thumb Code     0  libinit2.o(.ARM.Collect$$libinit$$00000001)
    __rt_lib_init_alloca_1                   0x00000127   Thumb Code     0  libinit2.o(.ARM.Collect$$libinit$$0000002C)
    __rt_lib_init_argv_1                     0x00000127   Thumb Code     0  libinit2.o(.ARM.Collect$$libinit$$0000002A)
    __rt_lib_init_atexit_1                   0x00000127   Thumb Code     0  libinit2.o(.ARM.Collect$$libinit$$00000019)
    __rt_lib_init_clock_1                    0x00000127   Thumb Code     0  libinit2.o(.ARM.Collect$$libinit$$0000001F)
    __rt_lib_init_cpp_1                      0x00000127   Thumb Code     0  libinit2.o(.ARM.Collect$$libinit$$00000030)
    __rt_lib_init_exceptions_1               0x00000127   Thumb Code     0  libinit2.o(.ARM.Collect$$libinit$$0000002E)
    __rt_lib_init_fp_trap_1                  0x00000127   Thumb Code     0  libinit2.o(.ARM.Collect$$libinit$$0000001D)
    __rt_lib_init_getenv_1                   0x00000127   Thumb Code     0  libinit2.o(.ARM.Collect$$libinit$$00000021)
    __rt_lib_init_heap_1                     0x00000127   Thumb Code     0  libinit2.o(.ARM.Collect$$libinit$$00000008)
    __rt_lib_init_lc_collate_1               0x00000127   Thumb Code     0  libinit2.o(.ARM.Collect$$libinit$$0000000F)
    __rt_lib_init_lc_ctype_1                 0x00000127   Thumb Code     0  libinit2.o(.ARM.Collect$$libinit$$00000011)
    __rt_lib_init_lc_monetary_1              0x00000127   Thumb Code     0  libinit2.o(.ARM.Collect$$libinit$$00000013)
    __rt_lib_init_lc_numeric_1               0x00000127   Thumb Code     0  libinit2.o(.ARM.Collect$$libinit$$00000015)
    __rt_lib_init_lc_time_1                  0x00000127   Thumb Code     0  libinit2.o(.ARM.Collect$$libinit$$00000017)
    __rt_lib_init_rand_1                     0x00000127   Thumb Code     0  libinit2.o(.ARM.Collect$$libinit$$0000000C)
    __rt_lib_init_return                     0x00000127   Thumb Code     0  libinit2.o(.ARM.Collect$$libinit$$00000031)
    __rt_lib_init_signal_1                   0x00000127   Thumb Code     0  libinit2.o(.ARM.Collect$$libinit$$0000001B)
    __rt_lib_init_stdio_1                    0x00000127   Thumb Code     0  libinit2.o(.ARM.Collect$$libinit$$00000023)
    __rt_lib_init_user_alloc_1               0x00000127   Thumb Code     0  libinit2.o(.ARM.Collect$$libinit$$0000000A)
    __rt_lib_shutdown                        0x00000129   Thumb Code     0  libshutdown.o(.ARM.Collect$$libshutdown$$00000000)
    __rt_lib_shutdown_fp_trap_1              0x0000012b   Thumb Code     0  libshutdown2.o(.ARM.Collect$$libshutdown$$00000006)
    __rt_lib_shutdown_heap_1                 0x0000012b   Thumb Code     0  libshutdown2.o(.ARM.Collect$$libshutdown$$0000000E)
    __rt_lib_shutdown_return                 0x0000012b   Thumb Code     0  libshutdown2.o(.ARM.Collect$$libshutdown$$0000000F)
    __rt_lib_shutdown_signal_1               0x0000012b   Thumb Code     0  libshutdown2.o(.ARM.Collect$$libshutdown$$00000009)
    __rt_lib_shutdown_stdio_1                0x0000012b   Thumb Code     0  libshutdown2.o(.ARM.Collect$$libshutdown$$00000003)
    __rt_lib_shutdown_user_alloc_1           0x0000012b   Thumb Code     0  libshutdown2.o(.ARM.Collect$$libshutdown$$0000000B)
    __rt_entry                               0x0000012d   Thumb Code     0  rtentry.o(.ARM.Collect$$rtentry$$00000000)
    __rt_entry_presh_1                       0x0000012d   Thumb Code     0  rtentry2.o(.ARM.Collect$$rtentry$$00000002)
    __rt_entry_sh                            0x0000012d   Thumb Code     0  rtentry4.o(.ARM.Collect$$rtentry$$00000004)
    __rt_entry_li                            0x00000133   Thumb Code     0  rtentry2.o(.ARM.Collect$$rtentry$$0000000A)
    __rt_entry_postsh_1                      0x00000133   Thumb Code     0  rtentry2.o(.ARM.Collect$$rtentry$$00000009)
    __rt_entry_main                          0x00000137   Thumb Code     0  rtentry2.o(.ARM.Collect$$rtentry$$0000000D)
    __rt_entry_postli_1                      0x00000137   Thumb Code     0  rtentry2.o(.ARM.Collect$$rtentry$$0000000C)
    __rt_exit                                0x0000013f   Thumb Code     0  rtexit.o(.ARM.Collect$$rtexit$$00000000)
    __rt_exit_ls                             0x00000141   Thumb Code     0  rtexit2.o(.ARM.Collect$$rtexit$$00000003)
    __rt_exit_prels_1                        0x00000141   Thumb Code     0  rtexit2.o(.ARM.Collect$$rtexit$$00000002)
    __rt_exit_exit                           0x00000145   Thumb Code     0  rtexit2.o(.ARM.Collect$$rtexit$$00000004)
    __asm___13_simple_uart_c_5dda6715__nrf_delay_us 0x0000014d   Thumb Code    30  simple_uart.o(.emb_text)
    __aeabi_memcpy4                          0x0000016d   Thumb Code    56  rt_memcpy.o(.emb_text)
    __aeabi_memcpy8                          0x0000016d   Thumb Code     0  rt_memcpy.o(.emb_text)
    main                                     0x000001a5   Thumb Code    62  main.o(.text)
    simple_uart_get                          0x000001ed   Thumb Code    20  simple_uart.o(.text)
    simple_uart_get_with_timeout             0x00000201   Thumb Code    56  simple_uart.o(.text)
    simple_uart_put                          0x00000239   Thumb Code    18  simple_uart.o(.text)
    simple_uart_putstring                    0x0000024b   Thumb Code    24  simple_uart.o(.text)
    uart_put_rx_data                         0x00000263   Thumb Code    26  simple_uart.o(.text)
    simple_uart_config                       0x0000027d   Thumb Code    74  simple_uart.o(.text)
    periph_radio_setup                       0x000002dd   Thumb Code   108  ts_peripheral.o(.text)
    periph_radio_packet_ptr_set              0x00000349   Thumb Code     6  ts_peripheral.o(.text)
    radio_setAccessCode                      0x0000034f   Thumb Code    18  ts_peripheral.o(.text)
    radio_setCrcInit                         0x00000361   Thumb Code    16  ts_peripheral.o(.text)
    level_set                                0x000003b9   Thumb Code     6  router.o(.text)
    root_set                                 0x000003bf   Thumb Code    14  router.o(.text)
    mac_addr_set                             0x000003cd   Thumb Code    16  router.o(.text)
    node_send_data                           0x000003dd   Thumb Code    16  router.o(.text)
    rx_data                                  0x000003ed   Thumb Code   172  router.o(.text)
    tx_data                                  0x00000499   Thumb Code    12  router.o(.text)
    radio_set_slot                           0x000004a5   Thumb Code   112  router.o(.text)
    radio_set_ch                             0x00000515   Thumb Code    16  router.o(.text)
    set_cc_value                             0x00000561   Thumb Code    30  mesh_baseband.o(.text)
    capture_timer                            0x0000057f   Thumb Code    20  mesh_baseband.o(.text)
    bb_setConnState                          0x00000593   Thumb Code     6  mesh_baseband.o(.text)
    baseband_init                            0x00000599   Thumb Code   148  mesh_baseband.o(.text)
    bb_setConnRole                           0x0000062d   Thumb Code     6  mesh_baseband.o(.text)
    bb_getConnRole                           0x00000633   Thumb Code     6  mesh_baseband.o(.text)
    ble_mesh_mode_switch                     0x00000639   Thumb Code    22  mesh_baseband.o(.text)
    RADIO_IRQHandler                         0x0000064f   Thumb Code   342  mesh_baseband.o(.text)
    TIMER0_IRQHandler                        0x000007a5   Thumb Code   102  mesh_baseband.o(.text)
    TIMER1_IRQHandler                        0x0000080b   Thumb Code   126  mesh_baseband.o(.text)
    bb_getConnState                          0x00000889   Thumb Code     6  mesh_baseband.o(.text)
    led_blink                                0x00000935   Thumb Code   126  mesh_app.o(.text)
    app_tx_data                              0x000009b3   Thumb Code    52  mesh_app.o(.text)
    node_on_receive_cb                       0x000009e7   Thumb Code    26  mesh_app.o(.text)
    root_on_receive_cb                       0x00000a01   Thumb Code    26  mesh_app.o(.text)
    app_test                                 0x00000a1b   Thumb Code    10  mesh_app.o(.text)
    bb_advGenericStart                       0x00000a55   Thumb Code    10  fsm_adv_generic.o(.text)
    adv_set_ch                               0x00000b63   Thumb Code     2  fsm_adv_generic.o(.text)
    apply_connPara                           0x00000bb5   Thumb Code   104  fsm_sconn.o(.text)
    bb_sconnStart                            0x00000c1d   Thumb Code   154  fsm_sconn.o(.text)
    new_ch_map_update                        0x00000d55   Thumb Code    38  fsm_sconn.o(.text)
    slave_set_ch                             0x00000d7b   Thumb Code   128  fsm_sconn.o(.text)
    set_interval                             0x00000dfb   Thumb Code    20  fsm_sconn.o(.text)
    set_pdu                                  0x00000e0f   Thumb Code    16  fsm_sconn.o(.text)
    ch_update                                0x00000e1f   Thumb Code    70  fsm_sconn.o(.text)
    att_empPk                                0x00000e8d   Thumb Code    32  att.o(.text)
    s_llVersion                              0x00000ead   Thumb Code    88  att.o(.text)
    s_llFea                                  0x00000f05   Thumb Code    58  att.o(.text)
    att_exMtuReq                             0x00000f3f   Thumb Code    54  att.o(.text)
    att_server_rdByGrType                    0x00000fb5   Thumb Code   140  att.o(.text)
    att_server_rdByType                      0x00001041   Thumb Code   222  att.o(.text)
    att_server_findIn                        0x0000111f   Thumb Code    80  att.o(.text)
    ser_write_no_rsp                         0x0000116f   Thumb Code    34  att.o(.text)
    att_server_rd                            0x00001191   Thumb Code    80  att.o(.text)
    server_rd_rsp                            0x000011e1   Thumb Code    88  att.o(.text)
    ser_notify_handle                        0x00001239   Thumb Code   116  att.o(.text)
    s_opcodeCheck                            0x000012ad   Thumb Code   434  slave_dispatch.o(.text)
    Reset_Handler                            0x00001469   Thumb Code    18  arm_startup_nrf51.o(.text)
    NMI_Handler                              0x0000147b   Thumb Code     2  arm_startup_nrf51.o(.text)
    HardFault_Handler                        0x0000147d   Thumb Code     2  arm_startup_nrf51.o(.text)
    SVC_Handler                              0x0000147f   Thumb Code     2  arm_startup_nrf51.o(.text)
    PendSV_Handler                           0x00001481   Thumb Code     2  arm_startup_nrf51.o(.text)
    SysTick_Handler                          0x00001483   Thumb Code     2  arm_startup_nrf51.o(.text)
    ADC_IRQHandler                           0x00001485   Thumb Code     0  arm_startup_nrf51.o(.text)
    CCM_AAR_IRQHandler                       0x00001485   Thumb Code     0  arm_startup_nrf51.o(.text)
    ECB_IRQHandler                           0x00001485   Thumb Code     0  arm_startup_nrf51.o(.text)
    GPIOTE_IRQHandler                        0x00001485   Thumb Code     0  arm_startup_nrf51.o(.text)
    LPCOMP_COMP_IRQHandler                   0x00001485   Thumb Code     0  arm_startup_nrf51.o(.text)
    POWER_CLOCK_IRQHandler                   0x00001485   Thumb Code     0  arm_startup_nrf51.o(.text)
    QDEC_IRQHandler                          0x00001485   Thumb Code     0  arm_startup_nrf51.o(.text)
    RNG_IRQHandler                           0x00001485   Thumb Code     0  arm_startup_nrf51.o(.text)
    RTC0_IRQHandler                          0x00001485   Thumb Code     0  arm_startup_nrf51.o(.text)
    RTC1_IRQHandler                          0x00001485   Thumb Code     0  arm_startup_nrf51.o(.text)
    SPI0_TWI0_IRQHandler                     0x00001485   Thumb Code     0  arm_startup_nrf51.o(.text)
    SPI1_TWI1_IRQHandler                     0x00001485   Thumb Code     0  arm_startup_nrf51.o(.text)
    SWI0_IRQHandler                          0x00001485   Thumb Code     0  arm_startup_nrf51.o(.text)
    SWI1_IRQHandler                          0x00001485   Thumb Code     0  arm_startup_nrf51.o(.text)
    SWI2_IRQHandler                          0x00001485   Thumb Code     0  arm_startup_nrf51.o(.text)
    SWI3_IRQHandler                          0x00001485   Thumb Code     0  arm_startup_nrf51.o(.text)
    SWI4_IRQHandler                          0x00001485   Thumb Code     0  arm_startup_nrf51.o(.text)
    SWI5_IRQHandler                          0x00001485   Thumb Code     0  arm_startup_nrf51.o(.text)
    TEMP_IRQHandler                          0x00001485   Thumb Code     0  arm_startup_nrf51.o(.text)
    TIMER2_IRQHandler                        0x00001485   Thumb Code     0  arm_startup_nrf51.o(.text)
    UART0_IRQHandler                         0x00001485   Thumb Code     0  arm_startup_nrf51.o(.text)
    WDT_IRQHandler                           0x00001485   Thumb Code     0  arm_startup_nrf51.o(.text)
    __user_initial_stackheap                 0x00001489   Thumb Code     0  arm_startup_nrf51.o(.text)
    SystemCoreClockUpdate                    0x000014b1   Thumb Code     8  system_nrf51.o(.text)
    SystemInit                               0x000014b9   Thumb Code    64  system_nrf51.o(.text)
    __aeabi_memcpy                           0x00001559   Thumb Code   130  rt_memcpy.o(.text)
    __rt_memcpy                              0x00001559   Thumb Code     0  rt_memcpy.o(.text)
    __aeabi_uread4                           0x000015db   Thumb Code    34  uread4.o(.text)
    __rt_uread4                              0x000015db   Thumb Code     0  uread4.o(.text)
    __aeabi_uidiv                            0x000015fd   Thumb Code     0  aeabi_sdiv.o(.text)
    __aeabi_uidivmod                         0x000015fd   Thumb Code    20  aeabi_sdiv.o(.text)
    __aeabi_idiv                             0x00001611   Thumb Code     0  aeabi_sdiv.o(.text)
    __aeabi_idivmod                          0x00001611   Thumb Code   326  aeabi_sdiv.o(.text)
    __use_two_region_memory                  0x00001757   Thumb Code     2  heapauxi.o(.text)
    __rt_heap_escrow$2region                 0x00001759   Thumb Code     2  heapauxi.o(.text)
    __rt_heap_expand$2region                 0x0000175b   Thumb Code     2  heapauxi.o(.text)
    __user_setup_stackheap                   0x0000175d   Thumb Code    62  sys_stackheap_outer.o(.text)
    exit                                     0x0000179b   Thumb Code    12  exit.o(.text)
    __user_libspace                          0x000017a9   Thumb Code     8  libspace.o(.text)
    __user_perproc_libspace                  0x000017a9   Thumb Code     0  libspace.o(.text)
    __user_perthread_libspace                0x000017a9   Thumb Code     0  libspace.o(.text)
    _sys_exit                                0x000017b1   Thumb Code     8  sys_exit.o(.text)
    __I$use$semihosting                      0x000017bd   Thumb Code     0  use_no_semi.o(.text)
    __use_no_semihosting_swi                 0x000017bd   Thumb Code     2  use_no_semi.o(.text)
    __decompress                             0x000017bf   Thumb Code     0  __dczerorl2.o(.text)
    __decompress1                            0x000017bf   Thumb Code    86  __dczerorl2.o(.text)
    __semihosting_library_function           0x000017bf   Thumb Code     0  indicate_semi.o(.text)
    __ARM_common_switch8                     0x00001815   Thumb Code    26  mesh_app.o(i.__ARM_common_switch8)
    periph_ppi_set                           0x00001831   Thumb Code    26  ts_peripheral.o(i.periph_ppi_set)
    periph_radio_ch_set                      0x00001851   Thumb Code    28  ts_peripheral.o(i.periph_radio_ch_set)
    periph_radio_intenset                    0x00001879   Thumb Code     6  ts_peripheral.o(i.periph_radio_intenset)
    periph_radio_shorts_set                  0x00001885   Thumb Code     6  ts_peripheral.o(i.periph_radio_shorts_set)
    adv_generic_fsm                          0x00001894   Data          28  fsm_adv_generic.o(.constdata)
    Region$$Table$$Base                      0x000018cc   Number         0  anon$$obj.o(Region$$Table)
    Region$$Table$$Limit                     0x000018ec   Number         0  anon$$obj.o(Region$$Table)
    node_enable                              0x20000004   Data           1  router.o(.data)
    root_role                                0x20000005   Data           1  router.o(.data)
    mesh_start_timer_record                  0x20000008   Data           2  router.o(.data)
    radio_tx_data                            0x2000000a   Data          39  router.o(.data)
    radio_times                              0x20000058   Data           2  mesh_baseband.o(.data)
    conn_state                               0x2000005b   Data           1  mesh_baseband.o(.data)
    connRole                                 0x2000005c   Data           1  mesh_baseband.o(.data)
    radio_events                             0x20000060   Data           2  mesh_baseband.o(.data)
    datalen_n                                0x2000007e   Data           1  mesh_app.o(.data)
    radio_app_rx_data                        0x20000080   Data          39  mesh_app.o(.data)
    ser_pdu_n                                0x200000a7   Data          20  mesh_app.o(.data)
    count_scan                               0x200000bc   Data           1  fsm_adv_generic.o(.data)
    bb_fsm                                   0x200000c4   Data           4  fsm_adv_generic.o(.data)
    interval                                 0x20000108   Data           2  fsm_sconn.o(.data)
    latency                                  0x2000010a   Data           2  fsm_sconn.o(.data)
    timeout                                  0x2000010c   Data           2  fsm_sconn.o(.data)
    counter                                  0x20000134   Data           4  slave_dispatch.o(.data)
    SystemCoreClock                          0x20000154   Data           4  system_nrf51.o(.data)
    current_ch                               0x200001a4   Data          40  fsm_sconn.o(.bss)
    __libspace_start                         0x20000278   Data          96  libspace.o(.bss)
    __temporary_stack_top$libspace           0x200002d8   Data           0  libspace.o(.bss)



==============================================================================

Memory Map of the image

  Image Entry point : 0x00001469

  Load Region LR_1 (Base: 0x00000000, Size: 0x00001a44, Max: 0xffffffff, ABSOLUTE, COMPRESSED[0x0000195c])

    Execution Region ER_RO (Base: 0x00000000, Size: 0x000018ec, Max: 0xffffffff, ABSOLUTE)

    Base Addr    Size         Type   Attr      Idx    E Section Name        Object

    0x00000000   0x000000c0   Data   RO          494    RESET               arm_startup_nrf51.o
    0x000000c0   0x00000008   Code   RO          539  * !!!main             c_p.l(__main.o)
    0x000000c8   0x0000003c   Code   RO          707    !!!scatter          c_p.l(__scatter.o)
    0x00000104   0x0000001c   Code   RO          709    !!handler_zi        c_p.l(__scatter_zi.o)
    0x00000120   0x00000002   Code   RO          577    .ARM.Collect$$libinit$$00000000  c_p.l(libinit.o)
    0x00000122   0x00000004   Code   RO          590    .ARM.Collect$$libinit$$00000001  c_p.l(libinit2.o)
    0x00000126   0x00000000   Code   RO          594    .ARM.Collect$$libinit$$00000008  c_p.l(libinit2.o)
    0x00000126   0x00000000   Code   RO          596    .ARM.Collect$$libinit$$0000000A  c_p.l(libinit2.o)
    0x00000126   0x00000000   Code   RO          598    .ARM.Collect$$libinit$$0000000C  c_p.l(libinit2.o)
    0x00000126   0x00000000   Code   RO          601    .ARM.Collect$$libinit$$0000000F  c_p.l(libinit2.o)
    0x00000126   0x00000000   Code   RO          603    .ARM.Collect$$libinit$$00000011  c_p.l(libinit2.o)
    0x00000126   0x00000000   Code   RO          605    .ARM.Collect$$libinit$$00000013  c_p.l(libinit2.o)
    0x00000126   0x00000000   Code   RO          607    .ARM.Collect$$libinit$$00000015  c_p.l(libinit2.o)
    0x00000126   0x00000000   Code   RO          609    .ARM.Collect$$libinit$$00000017  c_p.l(libinit2.o)
    0x00000126   0x00000000   Code   RO          611    .ARM.Collect$$libinit$$00000019  c_p.l(libinit2.o)
    0x00000126   0x00000000   Code   RO          613    .ARM.Collect$$libinit$$0000001B  c_p.l(libinit2.o)
    0x00000126   0x00000000   Code   RO          615    .ARM.Collect$$libinit$$0000001D  c_p.l(libinit2.o)
    0x00000126   0x00000000   Code   RO          617    .ARM.Collect$$libinit$$0000001F  c_p.l(libinit2.o)
    0x00000126   0x00000000   Code   RO          619    .ARM.Collect$$libinit$$00000021  c_p.l(libinit2.o)
    0x00000126   0x00000000   Code   RO          621    .ARM.Collect$$libinit$$00000023  c_p.l(libinit2.o)
    0x00000126   0x00000000   Code   RO          625    .ARM.Collect$$libinit$$0000002A  c_p.l(libinit2.o)
    0x00000126   0x00000000   Code   RO          627    .ARM.Collect$$libinit$$0000002C  c_p.l(libinit2.o)
    0x00000126   0x00000000   Code   RO          629    .ARM.Collect$$libinit$$0000002E  c_p.l(libinit2.o)
    0x00000126   0x00000000   Code   RO          631    .ARM.Collect$$libinit$$00000030  c_p.l(libinit2.o)
    0x00000126   0x00000002   Code   RO          632    .ARM.Collect$$libinit$$00000031  c_p.l(libinit2.o)
    0x00000128   0x00000002   Code   RO          663    .ARM.Collect$$libshutdown$$00000000  c_p.l(libshutdown.o)
    0x0000012a   0x00000000   Code   RO          690    .ARM.Collect$$libshutdown$$00000003  c_p.l(libshutdown2.o)
    0x0000012a   0x00000000   Code   RO          693    .ARM.Collect$$libshutdown$$00000006  c_p.l(libshutdown2.o)
    0x0000012a   0x00000000   Code   RO          696    .ARM.Collect$$libshutdown$$00000009  c_p.l(libshutdown2.o)
    0x0000012a   0x00000000   Code   RO          698    .ARM.Collect$$libshutdown$$0000000B  c_p.l(libshutdown2.o)
    0x0000012a   0x00000000   Code   RO          701    .ARM.Collect$$libshutdown$$0000000E  c_p.l(libshutdown2.o)
    0x0000012a   0x00000002   Code   RO          702    .ARM.Collect$$libshutdown$$0000000F  c_p.l(libshutdown2.o)
    0x0000012c   0x00000000   Code   RO          541    .ARM.Collect$$rtentry$$00000000  c_p.l(rtentry.o)
    0x0000012c   0x00000000   Code   RO          547    .ARM.Collect$$rtentry$$00000002  c_p.l(rtentry2.o)
    0x0000012c   0x00000006   Code   RO          559    .ARM.Collect$$rtentry$$00000004  c_p.l(rtentry4.o)
    0x00000132   0x00000000   Code   RO          549    .ARM.Collect$$rtentry$$00000009  c_p.l(rtentry2.o)
    0x00000132   0x00000004   Code   RO          550    .ARM.Collect$$rtentry$$0000000A  c_p.l(rtentry2.o)
    0x00000136   0x00000000   Code   RO          552    .ARM.Collect$$rtentry$$0000000C  c_p.l(rtentry2.o)
    0x00000136   0x00000008   Code   RO          553    .ARM.Collect$$rtentry$$0000000D  c_p.l(rtentry2.o)
    0x0000013e   0x00000002   Code   RO          582    .ARM.Collect$$rtexit$$00000000  c_p.l(rtexit.o)
    0x00000140   0x00000000   Code   RO          636    .ARM.Collect$$rtexit$$00000002  c_p.l(rtexit2.o)
    0x00000140   0x00000004   Code   RO          637    .ARM.Collect$$rtexit$$00000003  c_p.l(rtexit2.o)
    0x00000144   0x00000006   Code   RO          638    .ARM.Collect$$rtexit$$00000004  c_p.l(rtexit2.o)
    0x0000014a   0x00000002   PAD
    0x0000014c   0x0000001e   Code   RO          131    .emb_text           simple_uart.o
    0x0000016a   0x00000002   PAD
    0x0000016c   0x00000038   Code   RO          527    .emb_text           c_p.l(rt_memcpy.o)
    0x000001a4   0x00000048   Code   RO            3    .text               main.o
    0x000001ec   0x000000f0   Code   RO          132    .text               simple_uart.o
    0x000002dc   0x000000dc   Code   RO          163    .text               ts_peripheral.o
    0x000003b8   0x000001a8   Code   RO          294    .text               router.o
    0x00000560   0x000003d4   Code   RO          326    .text               mesh_baseband.o
    0x00000934   0x00000120   Code   RO          356    .text               mesh_app.o
    0x00000a54   0x00000128   Code   RO          388    .text               fsm_adv_generic.o
    0x00000b7c   0x00000310   Code   RO          417    .text               fsm_sconn.o
    0x00000e8c   0x00000420   Code   RO          447    .text               att.o
    0x000012ac   0x000001bc   Code   RO          470    .text               slave_dispatch.o
    0x00001468   0x00000048   Code   RO          495  * .text               arm_startup_nrf51.o
    0x000014b0   0x000000a8   Code   RO          501    .text               system_nrf51.o
    0x00001558   0x00000082   Code   RO          528    .text               c_p.l(rt_memcpy.o)
    0x000015da   0x00000022   Code   RO          531    .text               c_p.l(uread4.o)
    0x000015fc   0x0000015a   Code   RO          533    .text               c_p.l(aeabi_sdiv.o)
    0x00001756   0x00000006   Code   RO          537    .text               c_p.l(heapauxi.o)
    0x0000175c   0x0000003e   Code   RO          563    .text               c_p.l(sys_stackheap_outer.o)
    0x0000179a   0x0000000c   Code   RO          566    .text               c_p.l(exit.o)
    0x000017a6   0x00000002   PAD
    0x000017a8   0x00000008   Code   RO          578    .text               c_p.l(libspace.o)
    0x000017b0   0x0000000c   Code   RO          633    .text               c_p.l(sys_exit.o)
    0x000017bc   0x00000002   Code   RO          652    .text               c_p.l(use_no_semi.o)
    0x000017be   0x00000000   Code   RO          654    .text               c_p.l(indicate_semi.o)
    0x000017be   0x00000056   Code   RO          705    .text               c_p.l(__dczerorl2.o)
    0x00001814   0x0000001a   Code   RO          375    i.__ARM_common_switch8  mesh_app.o
    0x0000182e   0x00000002   PAD
    0x00001830   0x00000020   Code   RO          232    i.periph_ppi_set    ts_peripheral.o
    0x00001850   0x00000028   Code   RO          190    i.periph_radio_ch_set  ts_peripheral.o
    0x00001878   0x0000000c   Code   RO          208    i.periph_radio_intenset  ts_peripheral.o
    0x00001884   0x0000000c   Code   RO          196    i.periph_radio_shorts_set  ts_peripheral.o
    0x00001890   0x00000003   Data   RO          164    .constdata          ts_peripheral.o
    0x00001893   0x00000001   PAD
    0x00001894   0x0000001c   Data   RO          390    .constdata          fsm_adv_generic.o
    0x000018b0   0x0000001c   Data   RO          419    .constdata          fsm_sconn.o
    0x000018cc   0x00000020   Data   RO          703    Region$$Table       anon$$obj.o


    Execution Region ER_RW (Base: 0x20000000, Size: 0x00000158, Max: 0xffffffff, ABSOLUTE, COMPRESSED[0x00000070])

    Base Addr    Size         Type   Attr      Idx    E Section Name        Object

    0x20000000   0x00000004   Data   RW          165    .data               ts_peripheral.o
    0x20000004   0x00000054   Data   RW          295    .data               router.o
    0x20000058   0x00000002   Data   RW          328    .data               mesh_baseband.o
    0x2000005a   0x00000024   Data   RW          329    .data               mesh_baseband.o
    0x2000007e   0x0000003d   Data   RW          357    .data               mesh_app.o
    0x200000bb   0x00000001   PAD
    0x200000bc   0x0000003c   Data   RW          391    .data               fsm_adv_generic.o
    0x200000f8   0x00000029   Data   RW          420    .data               fsm_sconn.o
    0x20000121   0x00000001   PAD
    0x20000122   0x00000006   Data   RW          449    .data               att.o
    0x20000128   0x0000002a   Data   RW          472    .data               slave_dispatch.o
    0x20000152   0x00000002   PAD
    0x20000154   0x00000004   Data   RW          502    .data               system_nrf51.o


    Execution Region ER_ZI (Base: 0x20000158, Size: 0x00001180, Max: 0xffffffff, ABSOLUTE)

    Base Addr    Size         Type   Attr      Idx    E Section Name        Object

    0x20000158   0x00000027   Zero   RW          327    .bss                mesh_baseband.o
    0x2000017f   0x00000025   Zero   RW          389    .bss                fsm_adv_generic.o
    0x200001a4   0x0000009b   Zero   RW          418    .bss                fsm_sconn.o
    0x2000023f   0x0000001c   Zero   RW          448    .bss                att.o
    0x2000025b   0x0000001b   Zero   RW          471    .bss                slave_dispatch.o
    0x20000276   0x00000002   PAD
    0x20000278   0x00000060   Zero   RW          579    .bss                c_p.l(libspace.o)
    0x200002d8   0x00000800   Zero   RW          493    HEAP                arm_startup_nrf51.o
    0x20000ad8   0x00000800   Zero   RW          492    STACK               arm_startup_nrf51.o


==============================================================================

Image component sizes


      Code (inc. data)   RO Data    RW Data    ZI Data      Debug   Object Name

        72         32        192          0       4096        668   arm_startup_nrf51.o
      1056         30          0          6         28       4452   att.o
       296         24         28         60         37       3933   fsm_adv_generic.o
       784         40         28         41        155       3934   fsm_sconn.o
        72         10          0          0          0      25823   main.o
       314         22          0         61          0       6269   mesh_app.o
       980         60          0         38         39       4776   mesh_baseband.o
       424         46          0         84          0       4877   router.o
       270         22          0          0          0       4735   simple_uart.o
       444         10          0         42         27       1738   slave_dispatch.o
       168         30          0          4          0       1681   system_nrf51.o
       316         88          3          4          0       9759   ts_peripheral.o

    ----------------------------------------------------------------------
      5200        414        284        344       4384      72645   Object Totals
         0          0         32          0          0          0   (incl. Generated)
         4          0          1          4          2          0   (incl. Padding)

    ----------------------------------------------------------------------

      Code (inc. data)   RO Data    RW Data    ZI Data      Debug   Library Member Name

        86          0          0          0          0          0   __dczerorl2.o
         8          0          0          0          0         68   __main.o
        60          8          0          0          0          0   __scatter.o
        28          0          0          0          0          0   __scatter_zi.o
       346          0          0          0          0         92   aeabi_sdiv.o
        12          0          0          0          0         64   exit.o
         6          0          0          0          0        136   heapauxi.o
         0          0          0          0          0          0   indicate_semi.o
         2          0          0          0          0          0   libinit.o
         6          0          0          0          0          0   libinit2.o
         2          0          0          0          0          0   libshutdown.o
         2          0          0          0          0          0   libshutdown2.o
         8          4          0          0         96         68   libspace.o
       186          0          0          0          0        144   rt_memcpy.o
         0          0          0          0          0          0   rtentry.o
        12          0          0          0          0          0   rtentry2.o
         6          0          0          0          0          0   rtentry4.o
         2          0          0          0          0          0   rtexit.o
        10          0          0          0          0          0   rtexit2.o
        12          4          0          0          0         60   sys_exit.o
        62          0          0          0          0         80   sys_stackheap_outer.o
        34          0          0          0          0         60   uread4.o
         2          0          0          0          0         68   use_no_semi.o

    ----------------------------------------------------------------------
       896         16          0          0         96        840   Library Totals
         4          0          0          0          0          0   (incl. Padding)

    ----------------------------------------------------------------------

      Code (inc. data)   RO Data    RW Data    ZI Data      Debug   Library Name

       892         16          0          0         96        840   c_p.l

    ----------------------------------------------------------------------
       896         16          0          0         96        840   Library Totals

    ----------------------------------------------------------------------

==============================================================================


      Code (inc. data)   RO Data    RW Data    ZI Data      Debug   

      6096        430        284        344       4480      72141   Grand Totals
      6096        430        284        112       4480      72141   ELF Image Totals (compressed)
      6096        430        284        112          0          0   ROM Totals

==============================================================================

    Total RO  Size (Code + RO Data)                 6380 (   6.23kB)
    Total RW  Size (RW Data + ZI Data)              4824 (   4.71kB)
    Total ROM Size (Code + RO Data + RW Data)       6492 (   6.34kB)

==============================================================================

