Product: MDK-ARM Standard 5.10
Component: ARM Compiler 5.04 update 1 (build 49)
Tool: armlink [5040049]

==============================================================================

Section Cross References

    main.o(.text) refers to simple_uart.o(.text) for simple_uart_config
    main.o(.text) refers to advertise.o(.text) for adv_start
    simple_uart.o(.text) refers to simple_uart.o(.emb_text) for __asm___13_simple_uart_c_5dda6715__nrf_delay_us
    ble_advdata.o(.text) refers to rt_memcpy.o(.text) for __aeabi_memcpy
    ts_peripheral.o(.text) refers to uread4.o(.text) for __aeabi_uread4
    ts_peripheral.o(.text) refers to advertise.o(.text) for bb_setConnState
    ts_peripheral.o(.text) refers to ts_peripheral.o(.data) for .data
    advertise.o(.text) refers to fsm_adv_generic.o(.text) for bb_advGenericStart
    advertise.o(.text) refers to ts_peripheral.o(.text) for periph_radio_packet_ptr_set
    advertise.o(.text) refers to ts_peripheral.o(i.periph_radio_shorts_set) for periph_radio_shorts_set
    advertise.o(.text) refers to fsm_sconn.o(.text) for slave_set_ch
    advertise.o(.text) refers to ts_peripheral.o(i.periph_ppi_set) for periph_ppi_set
    advertise.o(.text) refers to ts_peripheral.o(i.periph_radio_intenset) for periph_radio_intenset
    advertise.o(.text) refers to advertise.o(.data) for .data
    advertise.o(.text) refers to fsm_adv_generic.o(.data) for bb_fsm
    fsm_adv_generic.o(.text) refers to advertise.o(.text) for bb_setConnRole
    fsm_adv_generic.o(.text) refers to ts_peripheral.o(i.periph_radio_ch_set) for periph_radio_ch_set
    fsm_adv_generic.o(.text) refers to ts_peripheral.o(.text) for periph_radio_packet_ptr_set
    fsm_adv_generic.o(.text) refers to ts_peripheral.o(i.periph_radio_shorts_set) for periph_radio_shorts_set
    fsm_adv_generic.o(.text) refers to fsm_sconn.o(.text) for bb_sconnStart
    fsm_adv_generic.o(.text) refers to fsm_adv_generic.o(.constdata) for .constdata
    fsm_adv_generic.o(.text) refers to fsm_adv_generic.o(.data) for .data
    fsm_adv_generic.o(.text) refers to fsm_adv_generic.o(.bss) for .bss
    fsm_adv_generic.o(.constdata) refers to fsm_adv_generic.o(.text) for adv_generic_onStart
    fsm_sconn.o(.text) refers to rt_memcpy.o(.text) for __aeabi_memcpy
    fsm_sconn.o(.text) refers to advertise.o(.text) for bb_setConnRole
    fsm_sconn.o(.text) refers to ts_peripheral.o(.text) for periph_radio_packet_ptr_set
    fsm_sconn.o(.text) refers to aeabi_sdiv.o(.text) for __aeabi_uidivmod
    fsm_sconn.o(.text) refers to slave_dispatch.o(.text) for s_opcodeCheck
    fsm_sconn.o(.text) refers to fsm_sconn.o(.data) for .data
    fsm_sconn.o(.text) refers to fsm_sconn.o(.bss) for .bss
    fsm_sconn.o(.text) refers to fsm_sconn.o(.constdata) for .constdata
    fsm_sconn.o(.text) refers to fsm_adv_generic.o(.data) for bb_fsm
    fsm_sconn.o(.constdata) refers to fsm_sconn.o(.text) for sconn_onWakeup
    slave_dispatch.o(.text) refers to rt_memcpy.o(.text) for __aeabi_memcpy
    slave_dispatch.o(.text) refers to att.o(.text) for att_server_rdByType
    slave_dispatch.o(.text) refers to fsm_sconn.o(.text) for ch_update
    slave_dispatch.o(.text) refers to slave_dispatch.o(.bss) for .bss
    slave_dispatch.o(.text) refers to slave_dispatch.o(.data) for .data
    att.o(.text) refers to fsm_sconn.o(.text) for set_pdu
    att.o(.text) refers to app.o(.text) for led_blink
    att.o(.text) refers to att.o(.bss) for .bss
    att.o(.text) refers to att.o(.data) for .data
    app.o(.text) refers to app.o(i.__ARM_common_switch8) for __ARM_common_switch8
    app.o(.text) refers to att.o(.text) for att_server_rd
    app.o(.text) refers to app.o(.data) for .data
    arm_startup_nrf51.o(STACK) refers (Special) to heapauxi.o(.text) for __use_two_region_memory
    arm_startup_nrf51.o(HEAP) refers (Special) to heapauxi.o(.text) for __use_two_region_memory
    arm_startup_nrf51.o(RESET) refers (Special) to heapauxi.o(.text) for __use_two_region_memory
    arm_startup_nrf51.o(RESET) refers to arm_startup_nrf51.o(STACK) for __initial_sp
    arm_startup_nrf51.o(RESET) refers to arm_startup_nrf51.o(.text) for Reset_Handler
    arm_startup_nrf51.o(RESET) refers to advertise.o(.text) for RADIO_IRQHandler
    arm_startup_nrf51.o(.text) refers (Special) to heapauxi.o(.text) for __use_two_region_memory
    arm_startup_nrf51.o(.text) refers to system_nrf51.o(.text) for SystemInit
    arm_startup_nrf51.o(.text) refers to __main.o(!!!main) for __main
    arm_startup_nrf51.o(.text) refers to arm_startup_nrf51.o(HEAP) for Heap_Mem
    arm_startup_nrf51.o(.text) refers to arm_startup_nrf51.o(STACK) for Stack_Mem
    system_nrf51.o(.text) refers to system_nrf51.o(.data) for .data
    rt_memcpy.o(.text) refers to rt_memcpy.o(.emb_text) for __aeabi_memcpy4
    __main.o(!!!main) refers to rtentry.o(.ARM.Collect$$rtentry$$00000000) for __rt_entry
    rtentry.o(.ARM.Collect$$rtentry$$00000000) refers (Special) to rtentry2.o(.ARM.Collect$$rtentry$$0000000A) for __rt_entry_li
    rtentry.o(.ARM.Collect$$rtentry$$00000000) refers (Special) to rtentry2.o(.ARM.Collect$$rtentry$$0000000D) for __rt_entry_main
    rtentry.o(.ARM.Collect$$rtentry$$00000000) refers (Special) to rtentry2.o(.ARM.Collect$$rtentry$$0000000C) for __rt_entry_postli_1
    rtentry.o(.ARM.Collect$$rtentry$$00000000) refers (Special) to rtentry2.o(.ARM.Collect$$rtentry$$00000009) for __rt_entry_postsh_1
    rtentry.o(.ARM.Collect$$rtentry$$00000000) refers (Special) to rtentry2.o(.ARM.Collect$$rtentry$$00000002) for __rt_entry_presh_1
    rtentry.o(.ARM.Collect$$rtentry$$00000000) refers (Special) to rtentry4.o(.ARM.Collect$$rtentry$$00000004) for __rt_entry_sh
    aeabi_idiv0_sigfpe.o(.text) refers to rt_div0.o(.text) for __rt_div0
    rtentry2.o(.ARM.Collect$$rtentry$$00000008) refers to boardinit2.o(.text) for _platform_post_stackheap_init
    rtentry2.o(.ARM.Collect$$rtentry$$0000000A) refers to libinit.o(.ARM.Collect$$libinit$$00000000) for __rt_lib_init
    rtentry2.o(.ARM.Collect$$rtentry$$0000000B) refers to boardinit3.o(.text) for _platform_post_lib_init
    rtentry2.o(.ARM.Collect$$rtentry$$0000000D) refers to main.o(.text) for main
    rtentry2.o(.ARM.Collect$$rtentry$$0000000D) refers to exit.o(.text) for exit
    rtentry2.o(.ARM.exidx) refers to rtentry2.o(.ARM.Collect$$rtentry$$00000001) for .ARM.Collect$$rtentry$$00000001
    rtentry2.o(.ARM.exidx) refers to rtentry2.o(.ARM.Collect$$rtentry$$00000008) for .ARM.Collect$$rtentry$$00000008
    rtentry2.o(.ARM.exidx) refers to rtentry2.o(.ARM.Collect$$rtentry$$0000000A) for .ARM.Collect$$rtentry$$0000000A
    rtentry2.o(.ARM.exidx) refers to rtentry2.o(.ARM.Collect$$rtentry$$0000000B) for .ARM.Collect$$rtentry$$0000000B
    rtentry2.o(.ARM.exidx) refers to rtentry2.o(.ARM.Collect$$rtentry$$0000000D) for .ARM.Collect$$rtentry$$0000000D
    rtentry4.o(.ARM.Collect$$rtentry$$00000004) refers to sys_stackheap_outer.o(.text) for __user_setup_stackheap
    rtentry4.o(.ARM.exidx) refers to rtentry4.o(.ARM.Collect$$rtentry$$00000004) for .ARM.Collect$$rtentry$$00000004
    rt_div0.o(.text) refers to defsig_fpe_outer.o(.text) for __rt_SIGFPE
    sys_stackheap_outer.o(.text) refers to libspace.o(.text) for __user_perproc_libspace
    sys_stackheap_outer.o(.text) refers to arm_startup_nrf51.o(.text) for __user_initial_stackheap
    sys_stackheap_outer.o(__vectab_stack_and_reset_area) refers to tempstk.o(.text) for __temporary_stack_top
    sys_stackheap_outer.o(__vectab_stack_and_reset_area) refers to __main.o(!!!main) for __main
    exit.o(.text) refers to rtexit.o(.ARM.Collect$$rtexit$$00000000) for __rt_exit
    defsig_fpe_outer.o(.text) refers to defsig_fpe_inner.o(.text) for __rt_SIGFPE_inner
    defsig_fpe_outer.o(.text) refers to defsig_exit.o(.text) for __sig_exit
    defsig_fpe_formal.o(.text) refers to rt_raise.o(.text) for __rt_raise
    libinit.o(.ARM.Collect$$libinit$$00000000) refers (Special) to libinit2.o(.ARM.Collect$$libinit$$0000002C) for __rt_lib_init_alloca_1
    libinit.o(.ARM.Collect$$libinit$$00000000) refers (Special) to libinit2.o(.ARM.Collect$$libinit$$0000002A) for __rt_lib_init_argv_1
    libinit.o(.ARM.Collect$$libinit$$00000000) refers (Special) to libinit2.o(.ARM.Collect$$libinit$$00000019) for __rt_lib_init_atexit_1
    libinit.o(.ARM.Collect$$libinit$$00000000) refers (Special) to libinit2.o(.ARM.Collect$$libinit$$0000001F) for __rt_lib_init_clock_1
    libinit.o(.ARM.Collect$$libinit$$00000000) refers (Special) to libinit2.o(.ARM.Collect$$libinit$$00000030) for __rt_lib_init_cpp_1
    libinit.o(.ARM.Collect$$libinit$$00000000) refers (Special) to libinit2.o(.ARM.Collect$$libinit$$0000002E) for __rt_lib_init_exceptions_1
    libinit.o(.ARM.Collect$$libinit$$00000000) refers (Special) to libinit2.o(.ARM.Collect$$libinit$$00000001) for __rt_lib_init_fp_1
    libinit.o(.ARM.Collect$$libinit$$00000000) refers (Special) to libinit2.o(.ARM.Collect$$libinit$$0000001D) for __rt_lib_init_fp_trap_1
    libinit.o(.ARM.Collect$$libinit$$00000000) refers (Special) to libinit2.o(.ARM.Collect$$libinit$$00000021) for __rt_lib_init_getenv_1
    libinit.o(.ARM.Collect$$libinit$$00000000) refers (Special) to libinit2.o(.ARM.Collect$$libinit$$00000008) for __rt_lib_init_heap_1
    libinit.o(.ARM.Collect$$libinit$$00000000) refers (Special) to libinit2.o(.ARM.Collect$$libinit$$0000000F) for __rt_lib_init_lc_collate_1
    libinit.o(.ARM.Collect$$libinit$$00000000) refers (Special) to libinit2.o(.ARM.Collect$$libinit$$00000011) for __rt_lib_init_lc_ctype_1
    libinit.o(.ARM.Collect$$libinit$$00000000) refers (Special) to libinit2.o(.ARM.Collect$$libinit$$00000013) for __rt_lib_init_lc_monetary_1
    libinit.o(.ARM.Collect$$libinit$$00000000) refers (Special) to libinit2.o(.ARM.Collect$$libinit$$00000015) for __rt_lib_init_lc_numeric_1
    libinit.o(.ARM.Collect$$libinit$$00000000) refers (Special) to libinit2.o(.ARM.Collect$$libinit$$00000017) for __rt_lib_init_lc_time_1
    libinit.o(.ARM.Collect$$libinit$$00000000) refers (Special) to libinit2.o(.ARM.Collect$$libinit$$0000000C) for __rt_lib_init_rand_1
    libinit.o(.ARM.Collect$$libinit$$00000000) refers (Special) to libinit2.o(.ARM.Collect$$libinit$$00000031) for __rt_lib_init_return
    libinit.o(.ARM.Collect$$libinit$$00000000) refers (Special) to libinit2.o(.ARM.Collect$$libinit$$0000001B) for __rt_lib_init_signal_1
    libinit.o(.ARM.Collect$$libinit$$00000000) refers (Special) to libinit2.o(.ARM.Collect$$libinit$$00000023) for __rt_lib_init_stdio_1
    libinit.o(.ARM.Collect$$libinit$$00000000) refers (Special) to libinit2.o(.ARM.Collect$$libinit$$0000000A) for __rt_lib_init_user_alloc_1
    libspace.o(.text) refers to libspace.o(.bss) for __libspace_start
    rtexit.o(.ARM.Collect$$rtexit$$00000000) refers (Special) to rtexit2.o(.ARM.Collect$$rtexit$$00000004) for __rt_exit_exit
    rtexit.o(.ARM.Collect$$rtexit$$00000000) refers (Special) to rtexit2.o(.ARM.Collect$$rtexit$$00000003) for __rt_exit_ls
    rtexit.o(.ARM.Collect$$rtexit$$00000000) refers (Special) to rtexit2.o(.ARM.Collect$$rtexit$$00000002) for __rt_exit_prels_1
    rtexit.o(.ARM.exidx) refers (Special) to rtexit2.o(.ARM.Collect$$rtexit$$00000004) for __rt_exit_exit
    rtexit.o(.ARM.exidx) refers (Special) to rtexit2.o(.ARM.Collect$$rtexit$$00000003) for __rt_exit_ls
    rtexit.o(.ARM.exidx) refers (Special) to rtexit2.o(.ARM.Collect$$rtexit$$00000002) for __rt_exit_prels_1
    rtexit.o(.ARM.exidx) refers to rtexit.o(.ARM.Collect$$rtexit$$00000000) for .ARM.Collect$$rtexit$$00000000
    rt_raise.o(.text) refers to __raise.o(.text) for __raise
    rt_raise.o(.text) refers to sys_exit.o(.text) for _sys_exit
    defsig_exit.o(.text) refers to sys_exit.o(.text) for _sys_exit
    defsig_fpe_inner.o(.text) refers to defsig_general.o(.text) for __default_signal_display
    libinit2.o(.ARM.Collect$$libinit$$0000000E) refers to libinit2.o(.ARM.Collect$$libinit$$0000000D) for .ARM.Collect$$libinit$$0000000D
    libinit2.o(.ARM.Collect$$libinit$$00000010) refers to libinit2.o(.ARM.Collect$$libinit$$0000000D) for .ARM.Collect$$libinit$$0000000D
    libinit2.o(.ARM.Collect$$libinit$$00000012) refers to libinit2.o(.ARM.Collect$$libinit$$0000000D) for .ARM.Collect$$libinit$$0000000D
    libinit2.o(.ARM.Collect$$libinit$$00000014) refers to libinit2.o(.ARM.Collect$$libinit$$0000000D) for .ARM.Collect$$libinit$$0000000D
    libinit2.o(.ARM.Collect$$libinit$$00000016) refers to libinit2.o(.ARM.Collect$$libinit$$0000000D) for .ARM.Collect$$libinit$$0000000D
    libinit2.o(.ARM.Collect$$libinit$$00000024) refers to argv_veneer.o(.text) for __ARM_argv_veneer
    libinit2.o(.ARM.Collect$$libinit$$00000025) refers to argv_veneer.o(.text) for __ARM_argv_veneer
    sys_exit.o(.text) refers (Special) to use_no_semi.o(.text) for __I$use$semihosting
    sys_exit.o(.text) refers (Special) to indicate_semi.o(.text) for __semihosting_library_function
    rtexit2.o(.ARM.Collect$$rtexit$$00000003) refers to libshutdown.o(.ARM.Collect$$libshutdown$$00000000) for __rt_lib_shutdown
    rtexit2.o(.ARM.Collect$$rtexit$$00000004) refers to sys_exit.o(.text) for _sys_exit
    rtexit2.o(.ARM.exidx) refers to rtexit2.o(.ARM.Collect$$rtexit$$00000001) for .ARM.Collect$$rtexit$$00000001
    rtexit2.o(.ARM.exidx) refers to rtexit2.o(.ARM.Collect$$rtexit$$00000003) for .ARM.Collect$$rtexit$$00000003
    rtexit2.o(.ARM.exidx) refers to rtexit2.o(.ARM.Collect$$rtexit$$00000004) for .ARM.Collect$$rtexit$$00000004
    __raise.o(.text) refers to defsig.o(CL$$defsig) for __default_signal_handler
    defsig_general.o(.text) refers to sys_wrch.o(.text) for _ttywrch
    sys_wrch.o(.text) refers (Special) to use_no_semi.o(.text) for __I$use$semihosting
    sys_wrch.o(.text) refers (Special) to indicate_semi.o(.text) for __semihosting_library_function
    defsig.o(CL$$defsig) refers to defsig_fpe_inner.o(.text) for __rt_SIGFPE_inner
    defsig.o(CL$$defsig) refers to defsig_rtmem_inner.o(.text) for __rt_SIGRTMEM_inner
    _get_argv_nomalloc.o(.text) refers (Special) to hrguard.o(.text) for __heap_region$guard
    _get_argv_nomalloc.o(.text) refers to defsig_rtmem_outer.o(.text) for __rt_SIGRTMEM
    _get_argv_nomalloc.o(.text) refers to sys_command.o(.text) for _sys_command_string
    libshutdown.o(.ARM.Collect$$libshutdown$$00000000) refers (Special) to libshutdown2.o(.ARM.Collect$$libshutdown$$00000006) for __rt_lib_shutdown_fp_trap_1
    libshutdown.o(.ARM.Collect$$libshutdown$$00000000) refers (Special) to libshutdown2.o(.ARM.Collect$$libshutdown$$0000000E) for __rt_lib_shutdown_heap_1
    libshutdown.o(.ARM.Collect$$libshutdown$$00000000) refers (Special) to libshutdown2.o(.ARM.Collect$$libshutdown$$0000000F) for __rt_lib_shutdown_return
    libshutdown.o(.ARM.Collect$$libshutdown$$00000000) refers (Special) to libshutdown2.o(.ARM.Collect$$libshutdown$$00000009) for __rt_lib_shutdown_signal_1
    libshutdown.o(.ARM.Collect$$libshutdown$$00000000) refers (Special) to libshutdown2.o(.ARM.Collect$$libshutdown$$00000003) for __rt_lib_shutdown_stdio_1
    libshutdown.o(.ARM.Collect$$libshutdown$$00000000) refers (Special) to libshutdown2.o(.ARM.Collect$$libshutdown$$0000000B) for __rt_lib_shutdown_user_alloc_1
    sys_command.o(.text) refers (Special) to use_no_semi.o(.text) for __I$use$semihosting
    sys_command.o(.text) refers (Special) to indicate_semi.o(.text) for __semihosting_library_function
    defsig_abrt_inner.o(.text) refers to defsig_general.o(.text) for __default_signal_display
    defsig_rtred_inner.o(.text) refers to defsig_general.o(.text) for __default_signal_display
    defsig_rtmem_inner.o(.text) refers to defsig_general.o(.text) for __default_signal_display
    defsig_rtmem_outer.o(.text) refers to defsig_rtmem_inner.o(.text) for __rt_SIGRTMEM_inner
    defsig_rtmem_outer.o(.text) refers to defsig_exit.o(.text) for __sig_exit
    defsig_rtmem_formal.o(.text) refers to rt_raise.o(.text) for __rt_raise
    defsig_stak_inner.o(.text) refers to defsig_general.o(.text) for __default_signal_display
    defsig_pvfn_inner.o(.text) refers to defsig_general.o(.text) for __default_signal_display
    defsig_cppl_inner.o(.text) refers to defsig_general.o(.text) for __default_signal_display
    defsig_segv_inner.o(.text) refers to defsig_general.o(.text) for __default_signal_display
    defsig_other.o(.text) refers to defsig_general.o(.text) for __default_signal_display
    ts_peripheral.o(i.periph_radio_ch_set) refers to ts_peripheral.o(.constdata) for .constdata
    ts_peripheral.o(i.periph_timer_start) refers to ts_peripheral.o(.text) for NVIC_EnableIRQ
    ts_peripheral.o(i.periph_timer1_start) refers to ts_peripheral.o(.text) for NVIC_EnableIRQ
    ts_peripheral.o(i.periph_timer2_start) refers to ts_peripheral.o(.text) for NVIC_EnableIRQ


==============================================================================

Removing Unused input sections from the image.

    Removing main.o(.rev16_text), (4 bytes).
    Removing main.o(.revsh_text), (4 bytes).
    Removing simple_uart.o(.rev16_text), (4 bytes).
    Removing simple_uart.o(.revsh_text), (4 bytes).
    Removing ble_advdata.o(.rev16_text), (4 bytes).
    Removing ble_advdata.o(.revsh_text), (4 bytes).
    Removing ble_advdata.o(.text), (1132 bytes).
    Removing ts_peripheral.o(.rev16_text), (4 bytes).
    Removing ts_peripheral.o(.revsh_text), (4 bytes).
    Removing ts_peripheral.o(.emb_text), (30 bytes).
    Removing advertise.o(.rev16_text), (4 bytes).
    Removing advertise.o(.revsh_text), (4 bytes).
    Removing advertise.o(.data), (1 bytes).
    Removing advertise.o(.data), (2 bytes).
    Removing fsm_adv_generic.o(.rev16_text), (4 bytes).
    Removing fsm_adv_generic.o(.revsh_text), (4 bytes).
    Removing fsm_sconn.o(.rev16_text), (4 bytes).
    Removing fsm_sconn.o(.revsh_text), (4 bytes).
    Removing slave_dispatch.o(.rev16_text), (4 bytes).
    Removing slave_dispatch.o(.revsh_text), (4 bytes).
    Removing att.o(.rev16_text), (4 bytes).
    Removing att.o(.revsh_text), (4 bytes).
    Removing app.o(.rev16_text), (4 bytes).
    Removing app.o(.revsh_text), (4 bytes).
    Removing system_nrf51.o(.rev16_text), (4 bytes).
    Removing system_nrf51.o(.revsh_text), (4 bytes).
    Removing ts_peripheral.o(i.periph_radio_tifs_set), (12 bytes).
    Removing ts_peripheral.o(i.periph_radio_rssi_read), (24 bytes).
    Removing ts_peripheral.o(i.periph_radio_intenclr), (12 bytes).
    Removing ts_peripheral.o(i.periph_radio_evts_clear), (28 bytes).
    Removing ts_peripheral.o(i.periph_radio_channel_get), (16 bytes).
    Removing ts_peripheral.o(i.periph_ppi_clear), (16 bytes).
    Removing ts_peripheral.o(i.periph_gpiote_config), (32 bytes).
    Removing ts_peripheral.o(i.periph_timer_start), (68 bytes).
    Removing ts_peripheral.o(i.periph_timer1_start), (68 bytes).
    Removing ts_peripheral.o(i.periph_timer2_start), (68 bytes).
    Removing ts_peripheral.o(i.periph_timer_abort), (24 bytes).

37 unused section(s) (total 1621 bytes) removed from the image.

==============================================================================

Image Symbol Table

    Local Symbols

    Symbol Name                              Value     Ov Type        Size  Object(Section)

    RESET                                    0x00000000   Section      192  arm_startup_nrf51.o(RESET)
    ../clib/angel/boardlib.s                 0x00000000   Number         0  boardshut.o ABSOLUTE
    ../clib/angel/boardlib.s                 0x00000000   Number         0  boardinit3.o ABSOLUTE
    ../clib/angel/boardlib.s                 0x00000000   Number         0  boardinit1.o ABSOLUTE
    ../clib/angel/boardlib.s                 0x00000000   Number         0  boardinit2.o ABSOLUTE
    ../clib/angel/handlers.s                 0x00000000   Number         0  __scatter_copy.o ABSOLUTE
    ../clib/angel/handlers.s                 0x00000000   Number         0  __scatter_zi.o ABSOLUTE
    ../clib/angel/kernel.s                   0x00000000   Number         0  rtentry4.o ABSOLUTE
    ../clib/angel/kernel.s                   0x00000000   Number         0  rtentry2.o ABSOLUTE
    ../clib/angel/kernel.s                   0x00000000   Number         0  rtexit.o ABSOLUTE
    ../clib/angel/kernel.s                   0x00000000   Number         0  rtexit2.o ABSOLUTE
    ../clib/angel/kernel.s                   0x00000000   Number         0  rtentry.o ABSOLUTE
    ../clib/angel/rt.s                       0x00000000   Number         0  rt_raise.o ABSOLUTE
    ../clib/angel/rt.s                       0x00000000   Number         0  aeabi_idiv0.o ABSOLUTE
    ../clib/angel/rt.s                       0x00000000   Number         0  rt_div0.o ABSOLUTE
    ../clib/angel/rt.s                       0x00000000   Number         0  aeabi_idiv0_sigfpe.o ABSOLUTE
    ../clib/angel/scatterp.s                 0x00000000   Number         0  __scatter.o ABSOLUTE
    ../clib/angel/startup.s                  0x00000000   Number         0  __main.o ABSOLUTE
    ../clib/angel/sys.s                      0x00000000   Number         0  use_no_semi.o ABSOLUTE
    ../clib/angel/sys.s                      0x00000000   Number         0  indicate_semi.o ABSOLUTE
    ../clib/angel/sys.s                      0x00000000   Number         0  sys_stackheap_outer.o ABSOLUTE
    ../clib/angel/sys.s                      0x00000000   Number         0  libspace.o ABSOLUTE
    ../clib/angel/sys.s                      0x00000000   Number         0  tempstk.o ABSOLUTE
    ../clib/angel/sysapp.c                   0x00000000   Number         0  sys_exit.o ABSOLUTE
    ../clib/angel/sysapp.c                   0x00000000   Number         0  sys_wrch.o ABSOLUTE
    ../clib/angel/sysapp.c                   0x00000000   Number         0  sys_command.o ABSOLUTE
    ../clib/armsys.c                         0x00000000   Number         0  argv_veneer.o ABSOLUTE
    ../clib/armsys.c                         0x00000000   Number         0  no_argv.o ABSOLUTE
    ../clib/armsys.c                         0x00000000   Number         0  _get_argv_nomalloc.o ABSOLUTE
    ../clib/division.s                       0x00000000   Number         0  aeabi_sdiv_div0.o ABSOLUTE
    ../clib/division.s                       0x00000000   Number         0  aeabi_sdiv.o ABSOLUTE
    ../clib/heapalloc.c                      0x00000000   Number         0  hrguard.o ABSOLUTE
    ../clib/heapaux.c                        0x00000000   Number         0  heapauxi.o ABSOLUTE
    ../clib/libinit.s                        0x00000000   Number         0  libinit.o ABSOLUTE
    ../clib/libinit.s                        0x00000000   Number         0  libinit2.o ABSOLUTE
    ../clib/libinit.s                        0x00000000   Number         0  libshutdown2.o ABSOLUTE
    ../clib/libinit.s                        0x00000000   Number         0  libshutdown.o ABSOLUTE
    ../clib/memcpset.c                       0x00000000   Number         0  rt_memcpy.o ABSOLUTE
    ../clib/memcpset.c                       0x00000000   Number         0  rt_memcpy.o ABSOLUTE
    ../clib/signal.c                         0x00000000   Number         0  defsig_rtmem_formal.o ABSOLUTE
    ../clib/signal.c                         0x00000000   Number         0  defsig_rtmem_outer.o ABSOLUTE
    ../clib/signal.c                         0x00000000   Number         0  defsig_rtmem_inner.o ABSOLUTE
    ../clib/signal.c                         0x00000000   Number         0  defsig_pvfn_inner.o ABSOLUTE
    ../clib/signal.c                         0x00000000   Number         0  defsig_fpe_inner.o ABSOLUTE
    ../clib/signal.c                         0x00000000   Number         0  defsig_exit.o ABSOLUTE
    ../clib/signal.c                         0x00000000   Number         0  defsig_fpe_formal.o ABSOLUTE
    ../clib/signal.c                         0x00000000   Number         0  defsig_rtred_inner.o ABSOLUTE
    ../clib/signal.c                         0x00000000   Number         0  defsig_abrt_inner.o ABSOLUTE
    ../clib/signal.c                         0x00000000   Number         0  defsig_fpe_outer.o ABSOLUTE
    ../clib/signal.c                         0x00000000   Number         0  defsig_general.o ABSOLUTE
    ../clib/signal.c                         0x00000000   Number         0  __raise.o ABSOLUTE
    ../clib/signal.c                         0x00000000   Number         0  defsig_other.o ABSOLUTE
    ../clib/signal.c                         0x00000000   Number         0  defsig_segv_inner.o ABSOLUTE
    ../clib/signal.c                         0x00000000   Number         0  defsig_cppl_inner.o ABSOLUTE
    ../clib/signal.c                         0x00000000   Number         0  defsig_stak_inner.o ABSOLUTE
    ../clib/signal.s                         0x00000000   Number         0  defsig.o ABSOLUTE
    ../clib/stdlib.c                         0x00000000   Number         0  exit.o ABSOLUTE
    ../clib/unhosted.c                       0x00000000   Number         0  uread4.o ABSOLUTE
    ../fplib/cfplib/fpinit.c                 0x00000000   Number         0  fpinit.o ABSOLUTE
    ..\..\..\Source\ble\ble_advdata.c        0x00000000   Number         0  ble_advdata.o ABSOLUTE
    ..\..\..\Source\juma_adv\advertise.c     0x00000000   Number         0  advertise.o ABSOLUTE
    ..\..\..\Source\simple_uart\simple_uart.c 0x00000000   Number         0  simple_uart.o ABSOLUTE
    ..\..\baseband\Source\fsm_adv_generic.c  0x00000000   Number         0  fsm_adv_generic.o ABSOLUTE
    ..\..\baseband\Source\fsm_sconn.c        0x00000000   Number         0  fsm_sconn.o ABSOLUTE
    ..\..\btle_hci\advertiser\ts_peripheral.c 0x00000000   Number         0  ts_peripheral.o ABSOLUTE
    ..\..\host\app.c                         0x00000000   Number         0  app.o ABSOLUTE
    ..\..\host\att.c                         0x00000000   Number         0  att.o ABSOLUTE
    ..\..\host\slave_dispatch.c              0x00000000   Number         0  slave_dispatch.o ABSOLUTE
    ..\\..\\..\\Source\\ble\\ble_advdata.c   0x00000000   Number         0  ble_advdata.o ABSOLUTE
    ..\\..\\..\\Source\\juma_adv\\advertise.c 0x00000000   Number         0  advertise.o ABSOLUTE
    ..\\..\\..\\Source\\simple_uart\\simple_uart.c 0x00000000   Number         0  simple_uart.o ABSOLUTE
    ..\\..\\baseband\\Source\\fsm_adv_generic.c 0x00000000   Number         0  fsm_adv_generic.o ABSOLUTE
    ..\\..\\baseband\\Source\\fsm_sconn.c    0x00000000   Number         0  fsm_sconn.o ABSOLUTE
    ..\\..\\btle_hci\\advertiser\\ts_peripheral.c 0x00000000   Number         0  ts_peripheral.o ABSOLUTE
    ..\\..\\host\\app.c                      0x00000000   Number         0  app.o ABSOLUTE
    ..\\..\\host\\att.c                      0x00000000   Number         0  att.o ABSOLUTE
    ..\\..\\host\\slave_dispatch.c           0x00000000   Number         0  slave_dispatch.o ABSOLUTE
    ..\\main.c                               0x00000000   Number         0  main.o ABSOLUTE
    ..\main.c                                0x00000000   Number         0  main.o ABSOLUTE
    RTE\Device\nRF51822_xxAA\arm_startup_nrf51.s 0x00000000   Number         0  arm_startup_nrf51.o ABSOLUTE
    RTE\Device\nRF51822_xxAA\system_nrf51.c  0x00000000   Number         0  system_nrf51.o ABSOLUTE
    RTE\\Device\\nRF51822_xxAA\\system_nrf51.c 0x00000000   Number         0  system_nrf51.o ABSOLUTE
    dc.s                                     0x00000000   Number         0  dc.o ABSOLUTE
    !!!main                                  0x000000c0   Section        8  __main.o(!!!main)
    !!!scatter                               0x000000c8   Section       60  __scatter.o(!!!scatter)
    !!handler_copy                           0x00000104   Section       26  __scatter_copy.o(!!handler_copy)
    !!handler_zi                             0x00000120   Section       28  __scatter_zi.o(!!handler_zi)
    .ARM.Collect$$libinit$$00000000          0x0000013c   Section        2  libinit.o(.ARM.Collect$$libinit$$00000000)
    .ARM.Collect$$libinit$$00000001          0x0000013e   Section        4  libinit2.o(.ARM.Collect$$libinit$$00000001)
    .ARM.Collect$$libinit$$00000008          0x00000142   Section        0  libinit2.o(.ARM.Collect$$libinit$$00000008)
    .ARM.Collect$$libinit$$0000000A          0x00000142   Section        0  libinit2.o(.ARM.Collect$$libinit$$0000000A)
    .ARM.Collect$$libinit$$0000000C          0x00000142   Section        0  libinit2.o(.ARM.Collect$$libinit$$0000000C)
    .ARM.Collect$$libinit$$0000000F          0x00000142   Section        0  libinit2.o(.ARM.Collect$$libinit$$0000000F)
    .ARM.Collect$$libinit$$00000011          0x00000142   Section        0  libinit2.o(.ARM.Collect$$libinit$$00000011)
    .ARM.Collect$$libinit$$00000013          0x00000142   Section        0  libinit2.o(.ARM.Collect$$libinit$$00000013)
    .ARM.Collect$$libinit$$00000015          0x00000142   Section        0  libinit2.o(.ARM.Collect$$libinit$$00000015)
    .ARM.Collect$$libinit$$00000017          0x00000142   Section        0  libinit2.o(.ARM.Collect$$libinit$$00000017)
    .ARM.Collect$$libinit$$00000019          0x00000142   Section        0  libinit2.o(.ARM.Collect$$libinit$$00000019)
    .ARM.Collect$$libinit$$0000001B          0x00000142   Section        0  libinit2.o(.ARM.Collect$$libinit$$0000001B)
    .ARM.Collect$$libinit$$0000001D          0x00000142   Section        0  libinit2.o(.ARM.Collect$$libinit$$0000001D)
    .ARM.Collect$$libinit$$0000001F          0x00000142   Section        0  libinit2.o(.ARM.Collect$$libinit$$0000001F)
    .ARM.Collect$$libinit$$00000021          0x00000142   Section        0  libinit2.o(.ARM.Collect$$libinit$$00000021)
    .ARM.Collect$$libinit$$00000023          0x00000142   Section        0  libinit2.o(.ARM.Collect$$libinit$$00000023)
    .ARM.Collect$$libinit$$0000002A          0x00000142   Section        0  libinit2.o(.ARM.Collect$$libinit$$0000002A)
    .ARM.Collect$$libinit$$0000002C          0x00000142   Section        0  libinit2.o(.ARM.Collect$$libinit$$0000002C)
    .ARM.Collect$$libinit$$0000002E          0x00000142   Section        0  libinit2.o(.ARM.Collect$$libinit$$0000002E)
    .ARM.Collect$$libinit$$00000030          0x00000142   Section        0  libinit2.o(.ARM.Collect$$libinit$$00000030)
    .ARM.Collect$$libinit$$00000031          0x00000142   Section        2  libinit2.o(.ARM.Collect$$libinit$$00000031)
    .ARM.Collect$$libshutdown$$00000000      0x00000144   Section        2  libshutdown.o(.ARM.Collect$$libshutdown$$00000000)
    .ARM.Collect$$libshutdown$$00000003      0x00000146   Section        0  libshutdown2.o(.ARM.Collect$$libshutdown$$00000003)
    .ARM.Collect$$libshutdown$$00000006      0x00000146   Section        0  libshutdown2.o(.ARM.Collect$$libshutdown$$00000006)
    .ARM.Collect$$libshutdown$$00000009      0x00000146   Section        0  libshutdown2.o(.ARM.Collect$$libshutdown$$00000009)
    .ARM.Collect$$libshutdown$$0000000B      0x00000146   Section        0  libshutdown2.o(.ARM.Collect$$libshutdown$$0000000B)
    .ARM.Collect$$libshutdown$$0000000E      0x00000146   Section        0  libshutdown2.o(.ARM.Collect$$libshutdown$$0000000E)
    .ARM.Collect$$libshutdown$$0000000F      0x00000146   Section        2  libshutdown2.o(.ARM.Collect$$libshutdown$$0000000F)
    .ARM.Collect$$rtentry$$00000000          0x00000148   Section        0  rtentry.o(.ARM.Collect$$rtentry$$00000000)
    .ARM.Collect$$rtentry$$00000002          0x00000148   Section        0  rtentry2.o(.ARM.Collect$$rtentry$$00000002)
    .ARM.Collect$$rtentry$$00000004          0x00000148   Section        6  rtentry4.o(.ARM.Collect$$rtentry$$00000004)
    .ARM.Collect$$rtentry$$00000009          0x0000014e   Section        0  rtentry2.o(.ARM.Collect$$rtentry$$00000009)
    .ARM.Collect$$rtentry$$0000000A          0x0000014e   Section        4  rtentry2.o(.ARM.Collect$$rtentry$$0000000A)
    .ARM.Collect$$rtentry$$0000000C          0x00000152   Section        0  rtentry2.o(.ARM.Collect$$rtentry$$0000000C)
    .ARM.Collect$$rtentry$$0000000D          0x00000152   Section        8  rtentry2.o(.ARM.Collect$$rtentry$$0000000D)
    .ARM.Collect$$rtexit$$00000000           0x0000015a   Section        2  rtexit.o(.ARM.Collect$$rtexit$$00000000)
    .ARM.Collect$$rtexit$$00000002           0x0000015c   Section        0  rtexit2.o(.ARM.Collect$$rtexit$$00000002)
    .ARM.Collect$$rtexit$$00000003           0x0000015c   Section        4  rtexit2.o(.ARM.Collect$$rtexit$$00000003)
    .ARM.Collect$$rtexit$$00000004           0x00000160   Section        6  rtexit2.o(.ARM.Collect$$rtexit$$00000004)
    .emb_text                                0x00000168   Section       30  simple_uart.o(.emb_text)
    .emb_text                                0x00000188   Section       56  rt_memcpy.o(.emb_text)
    .text                                    0x000001c0   Section        0  main.o(.text)
    .text                                    0x00000204   Section        0  simple_uart.o(.text)
    .text                                    0x000002f4   Section        0  ts_peripheral.o(.text)
    NVIC_EnableIRQ                           0x000003a9   Thumb Code    14  ts_peripheral.o(.text)
    .text                                    0x000003f4   Section        0  advertise.o(.text)
    ble_evt_setup                            0x00000561   Thumb Code   106  advertise.o(.text)
    .text                                    0x000005ec   Section        0  fsm_adv_generic.o(.text)
    adv_generic_onStart                      0x000005f7   Thumb Code    26  fsm_adv_generic.o(.text)
    adv_generic_onWakeup                     0x00000611   Thumb Code    36  fsm_adv_generic.o(.text)
    adv_generic_onTxStarted                  0x00000635   Thumb Code    56  fsm_adv_generic.o(.text)
    adv_generic_onRxAA                       0x0000066d   Thumb Code    96  fsm_adv_generic.o(.text)
    adv_generic_onRxPDU                      0x000006cd   Thumb Code    36  fsm_adv_generic.o(.text)
    adv_generic_onSleep                      0x000006f1   Thumb Code    10  fsm_adv_generic.o(.text)
    .text                                    0x00000714   Section        0  fsm_sconn.o(.text)
    sconn_onNumUsedCh                        0x00000715   Thumb Code    56  fsm_sconn.o(.text)
    sconn_onWakeup                           0x0000084f   Thumb Code    94  fsm_sconn.o(.text)
    sconn_onTxStarted                        0x000008ad   Thumb Code    12  fsm_sconn.o(.text)
    sconn_onRxAA                             0x000008b9   Thumb Code    16  fsm_sconn.o(.text)
    sconn_onRxPDU                            0x000008c9   Thumb Code    22  fsm_sconn.o(.text)
    sconn_onSleep                            0x000008df   Thumb Code    12  fsm_sconn.o(.text)
    nrf_gpio_pin_toggle                      0x00000a29   Thumb Code    14  fsm_sconn.o(.text)
    .text                                    0x00000a6c   Section        0  slave_dispatch.o(.text)
    .text                                    0x00000c28   Section        0  att.o(.text)
    att_notFd                                0x00000d11   Thumb Code    64  att.o(.text)
    .text                                    0x00001048   Section        0  app.o(.text)
    nrf_gpio_pin_set                         0x000010f9   Thumb Code    10  app.o(.text)
    nrf_gpio_pin_clear                       0x00001103   Thumb Code    10  app.o(.text)
    .text                                    0x00001118   Section       72  arm_startup_nrf51.o(.text)
    .text                                    0x00001160   Section        0  system_nrf51.o(.text)
    is_manual_peripheral_setup_needed        0x000011a9   Thumb Code    66  system_nrf51.o(.text)
    .text                                    0x00001208   Section        0  rt_memcpy.o(.text)
    .text                                    0x0000128a   Section        0  uread4.o(.text)
    .text                                    0x000012ac   Section      346  aeabi_sdiv.o(.text)
    .text                                    0x00001406   Section        0  heapauxi.o(.text)
    .text                                    0x0000140c   Section       62  sys_stackheap_outer.o(.text)
    .text                                    0x0000144a   Section        0  exit.o(.text)
    .text                                    0x00001458   Section        8  libspace.o(.text)
    .text                                    0x00001460   Section        0  sys_exit.o(.text)
    .text                                    0x0000146c   Section        2  use_no_semi.o(.text)
    .text                                    0x0000146e   Section        0  indicate_semi.o(.text)
    i.__ARM_common_switch8                   0x0000146e   Section        0  app.o(i.__ARM_common_switch8)
    i.periph_ppi_set                         0x00001488   Section        0  ts_peripheral.o(i.periph_ppi_set)
    i.periph_radio_ch_set                    0x000014a8   Section        0  ts_peripheral.o(i.periph_radio_ch_set)
    i.periph_radio_intenset                  0x000014d0   Section        0  ts_peripheral.o(i.periph_radio_intenset)
    i.periph_radio_shorts_set                0x000014dc   Section        0  ts_peripheral.o(i.periph_radio_shorts_set)
    .constdata                               0x000014e8   Section        3  ts_peripheral.o(.constdata)
    freq_bins                                0x000014e8   Data           3  ts_peripheral.o(.constdata)
    .constdata                               0x000014ec   Section       28  fsm_adv_generic.o(.constdata)
    .constdata                               0x00001508   Section       28  fsm_sconn.o(.constdata)
    sconnFsm                                 0x00001508   Data          28  fsm_sconn.o(.constdata)
    .data                                    0x20000000   Section        4  ts_peripheral.o(.data)
    packet                                   0x20000000   Data           4  ts_peripheral.o(.data)
    .data                                    0x20000004   Section       30  advertise.o(.data)
    ble_adv_data                             0x2000000a   Data          24  advertise.o(.data)
    .data                                    0x20000024   Section       60  fsm_adv_generic.o(.data)
    adv_interval                             0x20000025   Data           1  fsm_adv_generic.o(.data)
    channel                                  0x20000026   Data           1  fsm_adv_generic.o(.data)
    scan_sign                                0x20000027   Data           1  fsm_adv_generic.o(.data)
    adv_count                                0x20000028   Data           1  fsm_adv_generic.o(.data)
    ble_adv_data                             0x20000030   Data          39  fsm_adv_generic.o(.data)
    scan_rsp                                 0x20000057   Data           9  fsm_adv_generic.o(.data)
    .data                                    0x20000060   Section       41  fsm_sconn.o(.data)
    winSize                                  0x20000060   Data           1  fsm_sconn.o(.data)
    pre_ch                                   0x20000061   Data           1  fsm_sconn.o(.data)
    hop                                      0x20000062   Data           1  fsm_sconn.o(.data)
    sca                                      0x20000063   Data           1  fsm_sconn.o(.data)
    i                                        0x20000064   Data           1  fsm_sconn.o(.data)
    ch_update_sign                           0x20000065   Data           1  fsm_sconn.o(.data)
    supervision_timeout                      0x20000066   Data           1  fsm_sconn.o(.data)
    ch                                       0x20000067   Data           1  fsm_sconn.o(.data)
    unmapped_ch                              0x20000068   Data           1  fsm_sconn.o(.data)
    num_used_channels                        0x20000069   Data           1  fsm_sconn.o(.data)
    numUnUseCh                               0x2000006a   Data           1  fsm_sconn.o(.data)
    pdu_type                                 0x2000006b   Data           1  fsm_sconn.o(.data)
    ch_instant                               0x2000006c   Data           2  fsm_sconn.o(.data)
    winOffset                                0x2000006e   Data           2  fsm_sconn.o(.data)
    interval                                 0x20000070   Data           2  fsm_sconn.o(.data)
    latency                                  0x20000072   Data           2  fsm_sconn.o(.data)
    timeout                                  0x20000074   Data           2  fsm_sconn.o(.data)
    connEvents                               0x20000076   Data           2  fsm_sconn.o(.data)
    crcInit                                  0x20000078   Data           3  fsm_sconn.o(.data)
    AA                                       0x2000007b   Data           4  fsm_sconn.o(.data)
    chM                                      0x2000007f   Data           5  fsm_sconn.o(.data)
    chM_new                                  0x20000084   Data           5  fsm_sconn.o(.data)
    .data                                    0x2000008c   Section       42  slave_dispatch.o(.data)
    i                                        0x2000008c   Data           1  slave_dispatch.o(.data)
    dataHdrP                                 0x2000008d   Data           1  slave_dispatch.o(.data)
    llid                                     0x2000008e   Data           1  slave_dispatch.o(.data)
    llCoOpcode                               0x2000008f   Data           1  slave_dispatch.o(.data)
    attOpcode                                0x20000090   Data           1  slave_dispatch.o(.data)
    attHandle                                0x20000092   Data           2  slave_dispatch.o(.data)
    clientMtu                                0x20000094   Data           2  slave_dispatch.o(.data)
    counter                                  0x20000098   Data           4  slave_dispatch.o(.data)
    att_incl                                 0x2000009c   Data           6  slave_dispatch.o(.data)
    ser_pdu_n                                0x200000a2   Data          20  slave_dispatch.o(.data)
    .data                                    0x200000b6   Section        6  att.o(.data)
    ll_ver_in                                0x200000b6   Data           6  att.o(.data)
    .data                                    0x200000bc   Section       22  app.o(.data)
    i                                        0x200000bd   Data           1  app.o(.data)
    .data                                    0x200000d4   Section        4  system_nrf51.o(.data)
    __tagsym$$used                           0x200000d4   Number         0  system_nrf51.o(.data)
    .bss                                     0x200000d8   Section       37  fsm_adv_generic.o(.bss)
    ble_rx_data                              0x200000d8   Data          37  fsm_adv_generic.o(.bss)
    .bss                                     0x200000fd   Section      155  fsm_sconn.o(.bss)
    s_tx_data                                0x20000125   Data          39  fsm_sconn.o(.bss)
    s_rx_data                                0x2000014c   Data          39  fsm_sconn.o(.bss)
    remapping_table                          0x20000173   Data          37  fsm_sconn.o(.bss)
    .bss                                     0x20000198   Section       27  slave_dispatch.o(.bss)
    l2cap_pdu                                0x20000198   Data          27  slave_dispatch.o(.bss)
    .bss                                     0x200001b3   Section       28  att.o(.bss)
    tx_pdu                                   0x200001b3   Data          28  att.o(.bss)
    .bss                                     0x200001d0   Section       96  libspace.o(.bss)
    HEAP                                     0x20000230   Section     2048  arm_startup_nrf51.o(HEAP)
    Heap_Mem                                 0x20000230   Data        2048  arm_startup_nrf51.o(HEAP)
    STACK                                    0x20000a30   Section     2048  arm_startup_nrf51.o(STACK)
    Stack_Mem                                0x20000a30   Data        2048  arm_startup_nrf51.o(STACK)
    __initial_sp                             0x20001230   Data           0  arm_startup_nrf51.o(STACK)

    Global Symbols

    Symbol Name                              Value     Ov Type        Size  Object(Section)

    BuildAttributes$$THM_ISAv3M$S$PE$A:L22$X:L11$S22$IEEE1$IW$USESV6$~STKCKD$USESV7$~SHL$OSPACE$ROPI$EBA8$UX$STANDARDLIB$REQ8$PRES8$EABIv2 0x00000000   Number         0  anon$$obj.o ABSOLUTE
    __ARM_use_no_argv                        0x00000000   Number         0  main.o ABSOLUTE
    __Vectors                                0x00000000   Data           4  arm_startup_nrf51.o(RESET)
    __ARM_exceptions_init                     - Undefined Weak Reference
    __alloca_initialize                       - Undefined Weak Reference
    __cpp_initialize__aeabi_                  - Undefined Weak Reference
    __cxa_finalize                            - Undefined Weak Reference
    __rt_locale                               - Undefined Weak Reference
    __sigvec_lookup                           - Undefined Weak Reference
    _atexit_init                              - Undefined Weak Reference
    _call_atexit_fns                          - Undefined Weak Reference
    _clock_init                               - Undefined Weak Reference
    _fp_trap_init                             - Undefined Weak Reference
    _fp_trap_shutdown                         - Undefined Weak Reference
    _get_lc_collate                           - Undefined Weak Reference
    _get_lc_ctype                             - Undefined Weak Reference
    _get_lc_monetary                          - Undefined Weak Reference
    _get_lc_numeric                           - Undefined Weak Reference
    _get_lc_time                              - Undefined Weak Reference
    _getenv_init                              - Undefined Weak Reference
    _handle_redirection                       - Undefined Weak Reference
    _init_alloc                               - Undefined Weak Reference
    _init_user_alloc                          - Undefined Weak Reference
    _initio                                   - Undefined Weak Reference
    _rand_init                                - Undefined Weak Reference
    _signal_finish                            - Undefined Weak Reference
    _signal_init                              - Undefined Weak Reference
    _terminate_alloc                          - Undefined Weak Reference
    _terminate_user_alloc                     - Undefined Weak Reference
    _terminateio                              - Undefined Weak Reference
    __Vectors_End                            0x000000c0   Data           0  arm_startup_nrf51.o(RESET)
    __Vectors_Size                           0x000000c0   Number         0  arm_startup_nrf51.o ABSOLUTE
    __main                                   0x000000c1   Thumb Code     8  __main.o(!!!main)
    __scatterload                            0x000000c9   Thumb Code     0  __scatter.o(!!!scatter)
    __scatterload_rt2                        0x000000c9   Thumb Code    52  __scatter.o(!!!scatter)
    __scatterload_rt2_thumb_only             0x000000c9   Thumb Code     0  __scatter.o(!!!scatter)
    __scatterload_null                       0x000000d9   Thumb Code     0  __scatter.o(!!!scatter)
    __scatterload_copy                       0x00000105   Thumb Code    26  __scatter_copy.o(!!handler_copy)
    __scatterload_zeroinit                   0x00000121   Thumb Code    28  __scatter_zi.o(!!handler_zi)
    __rt_lib_init                            0x0000013d   Thumb Code     0  libinit.o(.ARM.Collect$$libinit$$00000000)
    __rt_lib_init_fp_1                       0x0000013f   Thumb Code     0  libinit2.o(.ARM.Collect$$libinit$$00000001)
    __rt_lib_init_alloca_1                   0x00000143   Thumb Code     0  libinit2.o(.ARM.Collect$$libinit$$0000002C)
    __rt_lib_init_argv_1                     0x00000143   Thumb Code     0  libinit2.o(.ARM.Collect$$libinit$$0000002A)
    __rt_lib_init_atexit_1                   0x00000143   Thumb Code     0  libinit2.o(.ARM.Collect$$libinit$$00000019)
    __rt_lib_init_clock_1                    0x00000143   Thumb Code     0  libinit2.o(.ARM.Collect$$libinit$$0000001F)
    __rt_lib_init_cpp_1                      0x00000143   Thumb Code     0  libinit2.o(.ARM.Collect$$libinit$$00000030)
    __rt_lib_init_exceptions_1               0x00000143   Thumb Code     0  libinit2.o(.ARM.Collect$$libinit$$0000002E)
    __rt_lib_init_fp_trap_1                  0x00000143   Thumb Code     0  libinit2.o(.ARM.Collect$$libinit$$0000001D)
    __rt_lib_init_getenv_1                   0x00000143   Thumb Code     0  libinit2.o(.ARM.Collect$$libinit$$00000021)
    __rt_lib_init_heap_1                     0x00000143   Thumb Code     0  libinit2.o(.ARM.Collect$$libinit$$00000008)
    __rt_lib_init_lc_collate_1               0x00000143   Thumb Code     0  libinit2.o(.ARM.Collect$$libinit$$0000000F)
    __rt_lib_init_lc_ctype_1                 0x00000143   Thumb Code     0  libinit2.o(.ARM.Collect$$libinit$$00000011)
    __rt_lib_init_lc_monetary_1              0x00000143   Thumb Code     0  libinit2.o(.ARM.Collect$$libinit$$00000013)
    __rt_lib_init_lc_numeric_1               0x00000143   Thumb Code     0  libinit2.o(.ARM.Collect$$libinit$$00000015)
    __rt_lib_init_lc_time_1                  0x00000143   Thumb Code     0  libinit2.o(.ARM.Collect$$libinit$$00000017)
    __rt_lib_init_rand_1                     0x00000143   Thumb Code     0  libinit2.o(.ARM.Collect$$libinit$$0000000C)
    __rt_lib_init_return                     0x00000143   Thumb Code     0  libinit2.o(.ARM.Collect$$libinit$$00000031)
    __rt_lib_init_signal_1                   0x00000143   Thumb Code     0  libinit2.o(.ARM.Collect$$libinit$$0000001B)
    __rt_lib_init_stdio_1                    0x00000143   Thumb Code     0  libinit2.o(.ARM.Collect$$libinit$$00000023)
    __rt_lib_init_user_alloc_1               0x00000143   Thumb Code     0  libinit2.o(.ARM.Collect$$libinit$$0000000A)
    __rt_lib_shutdown                        0x00000145   Thumb Code     0  libshutdown.o(.ARM.Collect$$libshutdown$$00000000)
    __rt_lib_shutdown_fp_trap_1              0x00000147   Thumb Code     0  libshutdown2.o(.ARM.Collect$$libshutdown$$00000006)
    __rt_lib_shutdown_heap_1                 0x00000147   Thumb Code     0  libshutdown2.o(.ARM.Collect$$libshutdown$$0000000E)
    __rt_lib_shutdown_return                 0x00000147   Thumb Code     0  libshutdown2.o(.ARM.Collect$$libshutdown$$0000000F)
    __rt_lib_shutdown_signal_1               0x00000147   Thumb Code     0  libshutdown2.o(.ARM.Collect$$libshutdown$$00000009)
    __rt_lib_shutdown_stdio_1                0x00000147   Thumb Code     0  libshutdown2.o(.ARM.Collect$$libshutdown$$00000003)
    __rt_lib_shutdown_user_alloc_1           0x00000147   Thumb Code     0  libshutdown2.o(.ARM.Collect$$libshutdown$$0000000B)
    __rt_entry                               0x00000149   Thumb Code     0  rtentry.o(.ARM.Collect$$rtentry$$00000000)
    __rt_entry_presh_1                       0x00000149   Thumb Code     0  rtentry2.o(.ARM.Collect$$rtentry$$00000002)
    __rt_entry_sh                            0x00000149   Thumb Code     0  rtentry4.o(.ARM.Collect$$rtentry$$00000004)
    __rt_entry_li                            0x0000014f   Thumb Code     0  rtentry2.o(.ARM.Collect$$rtentry$$0000000A)
    __rt_entry_postsh_1                      0x0000014f   Thumb Code     0  rtentry2.o(.ARM.Collect$$rtentry$$00000009)
    __rt_entry_main                          0x00000153   Thumb Code     0  rtentry2.o(.ARM.Collect$$rtentry$$0000000D)
    __rt_entry_postli_1                      0x00000153   Thumb Code     0  rtentry2.o(.ARM.Collect$$rtentry$$0000000C)
    __rt_exit                                0x0000015b   Thumb Code     0  rtexit.o(.ARM.Collect$$rtexit$$00000000)
    __rt_exit_ls                             0x0000015d   Thumb Code     0  rtexit2.o(.ARM.Collect$$rtexit$$00000003)
    __rt_exit_prels_1                        0x0000015d   Thumb Code     0  rtexit2.o(.ARM.Collect$$rtexit$$00000002)
    __rt_exit_exit                           0x00000161   Thumb Code     0  rtexit2.o(.ARM.Collect$$rtexit$$00000004)
    __asm___13_simple_uart_c_5dda6715__nrf_delay_us 0x00000169   Thumb Code    30  simple_uart.o(.emb_text)
    __aeabi_memcpy4                          0x00000189   Thumb Code    56  rt_memcpy.o(.emb_text)
    __aeabi_memcpy8                          0x00000189   Thumb Code     0  rt_memcpy.o(.emb_text)
    main                                     0x000001c1   Thumb Code    58  main.o(.text)
    simple_uart_get                          0x00000205   Thumb Code    20  simple_uart.o(.text)
    simple_uart_get_with_timeout             0x00000219   Thumb Code    56  simple_uart.o(.text)
    simple_uart_put                          0x00000251   Thumb Code    18  simple_uart.o(.text)
    simple_uart_putstring                    0x00000263   Thumb Code    24  simple_uart.o(.text)
    uart_put_rx_data                         0x0000027b   Thumb Code    26  simple_uart.o(.text)
    simple_uart_config                       0x00000295   Thumb Code    74  simple_uart.o(.text)
    periph_radio_setup                       0x000002f5   Thumb Code   108  ts_peripheral.o(.text)
    periph_radio_packet_ptr_set              0x00000361   Thumb Code     6  ts_peripheral.o(.text)
    radio_setAccessCode                      0x00000367   Thumb Code    18  ts_peripheral.o(.text)
    radio_setCrcInit                         0x00000379   Thumb Code    16  ts_peripheral.o(.text)
    radio_setMode                            0x00000389   Thumb Code    32  ts_peripheral.o(.text)
    adv_start                                0x000003f5   Thumb Code    24  advertise.o(.text)
    bb_setConnRole                           0x0000040d   Thumb Code     8  advertise.o(.text)
    bb_setConnState                          0x00000415   Thumb Code     8  advertise.o(.text)
    bb_getConnRole                           0x0000041d   Thumb Code     8  advertise.o(.text)
    RADIO_IRQHandler                         0x00000425   Thumb Code   232  advertise.o(.text)
    TIMER0_IRQHandler                        0x0000050d   Thumb Code    76  advertise.o(.text)
    bb_getConnState                          0x00000559   Thumb Code     8  advertise.o(.text)
    bb_advGenericStart                       0x000005ed   Thumb Code    10  fsm_adv_generic.o(.text)
    adv_set_ch                               0x000006fb   Thumb Code     2  fsm_adv_generic.o(.text)
    apply_connPara                           0x0000074d   Thumb Code   104  fsm_sconn.o(.text)
    bb_sconnStart                            0x000007b5   Thumb Code   154  fsm_sconn.o(.text)
    new_ch_map_update                        0x000008eb   Thumb Code    44  fsm_sconn.o(.text)
    slave_set_ch                             0x00000917   Thumb Code   134  fsm_sconn.o(.text)
    set_interval                             0x0000099d   Thumb Code    48  fsm_sconn.o(.text)
    set_pdu                                  0x000009cd   Thumb Code    16  fsm_sconn.o(.text)
    ch_update                                0x000009dd   Thumb Code    76  fsm_sconn.o(.text)
    s_opcodeCheck                            0x00000a6d   Thumb Code   434  slave_dispatch.o(.text)
    att_empPk                                0x00000c29   Thumb Code    32  att.o(.text)
    s_llVersion                              0x00000c49   Thumb Code    88  att.o(.text)
    s_llFea                                  0x00000ca1   Thumb Code    58  att.o(.text)
    att_exMtuReq                             0x00000cdb   Thumb Code    54  att.o(.text)
    att_server_rdByGrType                    0x00000d51   Thumb Code   140  att.o(.text)
    att_server_rdByType                      0x00000ddd   Thumb Code   222  att.o(.text)
    att_server_findIn                        0x00000ebb   Thumb Code    80  att.o(.text)
    ser_write_no_rsp                         0x00000f0b   Thumb Code    34  att.o(.text)
    att_server_rd                            0x00000f2d   Thumb Code    80  att.o(.text)
    server_rd_rsp                            0x00000f7d   Thumb Code    88  att.o(.text)
    ser_notify_handle                        0x00000fd5   Thumb Code   116  att.o(.text)
    led_blink                                0x00001049   Thumb Code   126  app.o(.text)
    app_tx_data                              0x000010c7   Thumb Code    50  app.o(.text)
    Reset_Handler                            0x00001119   Thumb Code    18  arm_startup_nrf51.o(.text)
    NMI_Handler                              0x0000112b   Thumb Code     2  arm_startup_nrf51.o(.text)
    HardFault_Handler                        0x0000112d   Thumb Code     2  arm_startup_nrf51.o(.text)
    SVC_Handler                              0x0000112f   Thumb Code     2  arm_startup_nrf51.o(.text)
    PendSV_Handler                           0x00001131   Thumb Code     2  arm_startup_nrf51.o(.text)
    SysTick_Handler                          0x00001133   Thumb Code     2  arm_startup_nrf51.o(.text)
    ADC_IRQHandler                           0x00001135   Thumb Code     0  arm_startup_nrf51.o(.text)
    CCM_AAR_IRQHandler                       0x00001135   Thumb Code     0  arm_startup_nrf51.o(.text)
    ECB_IRQHandler                           0x00001135   Thumb Code     0  arm_startup_nrf51.o(.text)
    GPIOTE_IRQHandler                        0x00001135   Thumb Code     0  arm_startup_nrf51.o(.text)
    LPCOMP_COMP_IRQHandler                   0x00001135   Thumb Code     0  arm_startup_nrf51.o(.text)
    POWER_CLOCK_IRQHandler                   0x00001135   Thumb Code     0  arm_startup_nrf51.o(.text)
    QDEC_IRQHandler                          0x00001135   Thumb Code     0  arm_startup_nrf51.o(.text)
    RNG_IRQHandler                           0x00001135   Thumb Code     0  arm_startup_nrf51.o(.text)
    RTC0_IRQHandler                          0x00001135   Thumb Code     0  arm_startup_nrf51.o(.text)
    RTC1_IRQHandler                          0x00001135   Thumb Code     0  arm_startup_nrf51.o(.text)
    SPI0_TWI0_IRQHandler                     0x00001135   Thumb Code     0  arm_startup_nrf51.o(.text)
    SPI1_TWI1_IRQHandler                     0x00001135   Thumb Code     0  arm_startup_nrf51.o(.text)
    SWI0_IRQHandler                          0x00001135   Thumb Code     0  arm_startup_nrf51.o(.text)
    SWI1_IRQHandler                          0x00001135   Thumb Code     0  arm_startup_nrf51.o(.text)
    SWI2_IRQHandler                          0x00001135   Thumb Code     0  arm_startup_nrf51.o(.text)
    SWI3_IRQHandler                          0x00001135   Thumb Code     0  arm_startup_nrf51.o(.text)
    SWI4_IRQHandler                          0x00001135   Thumb Code     0  arm_startup_nrf51.o(.text)
    SWI5_IRQHandler                          0x00001135   Thumb Code     0  arm_startup_nrf51.o(.text)
    TEMP_IRQHandler                          0x00001135   Thumb Code     0  arm_startup_nrf51.o(.text)
    TIMER1_IRQHandler                        0x00001135   Thumb Code     0  arm_startup_nrf51.o(.text)
    TIMER2_IRQHandler                        0x00001135   Thumb Code     0  arm_startup_nrf51.o(.text)
    UART0_IRQHandler                         0x00001135   Thumb Code     0  arm_startup_nrf51.o(.text)
    WDT_IRQHandler                           0x00001135   Thumb Code     0  arm_startup_nrf51.o(.text)
    __user_initial_stackheap                 0x00001139   Thumb Code     0  arm_startup_nrf51.o(.text)
    SystemCoreClockUpdate                    0x00001161   Thumb Code     8  system_nrf51.o(.text)
    SystemInit                               0x00001169   Thumb Code    64  system_nrf51.o(.text)
    __aeabi_memcpy                           0x00001209   Thumb Code   130  rt_memcpy.o(.text)
    __rt_memcpy                              0x00001209   Thumb Code     0  rt_memcpy.o(.text)
    __aeabi_uread4                           0x0000128b   Thumb Code    34  uread4.o(.text)
    __rt_uread4                              0x0000128b   Thumb Code     0  uread4.o(.text)
    __aeabi_uidiv                            0x000012ad   Thumb Code     0  aeabi_sdiv.o(.text)
    __aeabi_uidivmod                         0x000012ad   Thumb Code    20  aeabi_sdiv.o(.text)
    __aeabi_idiv                             0x000012c1   Thumb Code     0  aeabi_sdiv.o(.text)
    __aeabi_idivmod                          0x000012c1   Thumb Code   326  aeabi_sdiv.o(.text)
    __use_two_region_memory                  0x00001407   Thumb Code     2  heapauxi.o(.text)
    __rt_heap_escrow$2region                 0x00001409   Thumb Code     2  heapauxi.o(.text)
    __rt_heap_expand$2region                 0x0000140b   Thumb Code     2  heapauxi.o(.text)
    __user_setup_stackheap                   0x0000140d   Thumb Code    62  sys_stackheap_outer.o(.text)
    exit                                     0x0000144b   Thumb Code    12  exit.o(.text)
    __user_libspace                          0x00001459   Thumb Code     8  libspace.o(.text)
    __user_perproc_libspace                  0x00001459   Thumb Code     0  libspace.o(.text)
    __user_perthread_libspace                0x00001459   Thumb Code     0  libspace.o(.text)
    _sys_exit                                0x00001461   Thumb Code     8  sys_exit.o(.text)
    __I$use$semihosting                      0x0000146d   Thumb Code     0  use_no_semi.o(.text)
    __use_no_semihosting_swi                 0x0000146d   Thumb Code     2  use_no_semi.o(.text)
    __ARM_common_switch8                     0x0000146f   Thumb Code    26  app.o(i.__ARM_common_switch8)
    __semihosting_library_function           0x0000146f   Thumb Code     0  indicate_semi.o(.text)
    periph_ppi_set                           0x00001489   Thumb Code    26  ts_peripheral.o(i.periph_ppi_set)
    periph_radio_ch_set                      0x000014a9   Thumb Code    28  ts_peripheral.o(i.periph_radio_ch_set)
    periph_radio_intenset                    0x000014d1   Thumb Code     6  ts_peripheral.o(i.periph_radio_intenset)
    periph_radio_shorts_set                  0x000014dd   Thumb Code     6  ts_peripheral.o(i.periph_radio_shorts_set)
    adv_generic_fsm                          0x000014ec   Data          28  fsm_adv_generic.o(.constdata)
    Region$$Table$$Base                      0x00001524   Number         0  anon$$obj.o(Region$$Table)
    Region$$Table$$Limit                     0x00001544   Number         0  anon$$obj.o(Region$$Table)
    connState                                0x20000004   Data           1  advertise.o(.data)
    connRole                                 0x20000005   Data           1  advertise.o(.data)
    tx_count                                 0x20000006   Data           2  advertise.o(.data)
    rx_count                                 0x20000008   Data           2  advertise.o(.data)
    count_scan                               0x20000024   Data           1  fsm_adv_generic.o(.data)
    bb_fsm                                   0x2000002c   Data           4  fsm_adv_generic.o(.data)
    datalen_n                                0x200000bc   Data           1  app.o(.data)
    ser_pdu_n                                0x200000be   Data          20  app.o(.data)
    SystemCoreClock                          0x200000d4   Data           4  system_nrf51.o(.data)
    current_ch                               0x200000fd   Data          40  fsm_sconn.o(.bss)
    __libspace_start                         0x200001d0   Data          96  libspace.o(.bss)
    __temporary_stack_top$libspace           0x20000230   Data           0  libspace.o(.bss)



==============================================================================

Memory Map of the image

  Image Entry point : 0x00001119

  Load Region LR_1 (Base: 0x00000000, Size: 0x0000161c, Max: 0xffffffff, ABSOLUTE)

    Execution Region ER_RO (Base: 0x00000000, Size: 0x00001544, Max: 0xffffffff, ABSOLUTE)

    Base Addr    Size         Type   Attr      Idx    E Section Name        Object

    0x00000000   0x000000c0   Data   RO          527    RESET               arm_startup_nrf51.o
    0x000000c0   0x00000008   Code   RO          572  * !!!main             c_p.l(__main.o)
    0x000000c8   0x0000003c   Code   RO          738    !!!scatter          c_p.l(__scatter.o)
    0x00000104   0x0000001a   Code   RO          740    !!handler_copy      c_p.l(__scatter_copy.o)
    0x0000011e   0x00000002   PAD
    0x00000120   0x0000001c   Code   RO          742    !!handler_zi        c_p.l(__scatter_zi.o)
    0x0000013c   0x00000002   Code   RO          610    .ARM.Collect$$libinit$$00000000  c_p.l(libinit.o)
    0x0000013e   0x00000004   Code   RO          623    .ARM.Collect$$libinit$$00000001  c_p.l(libinit2.o)
    0x00000142   0x00000000   Code   RO          627    .ARM.Collect$$libinit$$00000008  c_p.l(libinit2.o)
    0x00000142   0x00000000   Code   RO          629    .ARM.Collect$$libinit$$0000000A  c_p.l(libinit2.o)
    0x00000142   0x00000000   Code   RO          631    .ARM.Collect$$libinit$$0000000C  c_p.l(libinit2.o)
    0x00000142   0x00000000   Code   RO          634    .ARM.Collect$$libinit$$0000000F  c_p.l(libinit2.o)
    0x00000142   0x00000000   Code   RO          636    .ARM.Collect$$libinit$$00000011  c_p.l(libinit2.o)
    0x00000142   0x00000000   Code   RO          638    .ARM.Collect$$libinit$$00000013  c_p.l(libinit2.o)
    0x00000142   0x00000000   Code   RO          640    .ARM.Collect$$libinit$$00000015  c_p.l(libinit2.o)
    0x00000142   0x00000000   Code   RO          642    .ARM.Collect$$libinit$$00000017  c_p.l(libinit2.o)
    0x00000142   0x00000000   Code   RO          644    .ARM.Collect$$libinit$$00000019  c_p.l(libinit2.o)
    0x00000142   0x00000000   Code   RO          646    .ARM.Collect$$libinit$$0000001B  c_p.l(libinit2.o)
    0x00000142   0x00000000   Code   RO          648    .ARM.Collect$$libinit$$0000001D  c_p.l(libinit2.o)
    0x00000142   0x00000000   Code   RO          650    .ARM.Collect$$libinit$$0000001F  c_p.l(libinit2.o)
    0x00000142   0x00000000   Code   RO          652    .ARM.Collect$$libinit$$00000021  c_p.l(libinit2.o)
    0x00000142   0x00000000   Code   RO          654    .ARM.Collect$$libinit$$00000023  c_p.l(libinit2.o)
    0x00000142   0x00000000   Code   RO          658    .ARM.Collect$$libinit$$0000002A  c_p.l(libinit2.o)
    0x00000142   0x00000000   Code   RO          660    .ARM.Collect$$libinit$$0000002C  c_p.l(libinit2.o)
    0x00000142   0x00000000   Code   RO          662    .ARM.Collect$$libinit$$0000002E  c_p.l(libinit2.o)
    0x00000142   0x00000000   Code   RO          664    .ARM.Collect$$libinit$$00000030  c_p.l(libinit2.o)
    0x00000142   0x00000002   Code   RO          665    .ARM.Collect$$libinit$$00000031  c_p.l(libinit2.o)
    0x00000144   0x00000002   Code   RO          696    .ARM.Collect$$libshutdown$$00000000  c_p.l(libshutdown.o)
    0x00000146   0x00000000   Code   RO          723    .ARM.Collect$$libshutdown$$00000003  c_p.l(libshutdown2.o)
    0x00000146   0x00000000   Code   RO          726    .ARM.Collect$$libshutdown$$00000006  c_p.l(libshutdown2.o)
    0x00000146   0x00000000   Code   RO          729    .ARM.Collect$$libshutdown$$00000009  c_p.l(libshutdown2.o)
    0x00000146   0x00000000   Code   RO          731    .ARM.Collect$$libshutdown$$0000000B  c_p.l(libshutdown2.o)
    0x00000146   0x00000000   Code   RO          734    .ARM.Collect$$libshutdown$$0000000E  c_p.l(libshutdown2.o)
    0x00000146   0x00000002   Code   RO          735    .ARM.Collect$$libshutdown$$0000000F  c_p.l(libshutdown2.o)
    0x00000148   0x00000000   Code   RO          574    .ARM.Collect$$rtentry$$00000000  c_p.l(rtentry.o)
    0x00000148   0x00000000   Code   RO          580    .ARM.Collect$$rtentry$$00000002  c_p.l(rtentry2.o)
    0x00000148   0x00000006   Code   RO          592    .ARM.Collect$$rtentry$$00000004  c_p.l(rtentry4.o)
    0x0000014e   0x00000000   Code   RO          582    .ARM.Collect$$rtentry$$00000009  c_p.l(rtentry2.o)
    0x0000014e   0x00000004   Code   RO          583    .ARM.Collect$$rtentry$$0000000A  c_p.l(rtentry2.o)
    0x00000152   0x00000000   Code   RO          585    .ARM.Collect$$rtentry$$0000000C  c_p.l(rtentry2.o)
    0x00000152   0x00000008   Code   RO          586    .ARM.Collect$$rtentry$$0000000D  c_p.l(rtentry2.o)
    0x0000015a   0x00000002   Code   RO          615    .ARM.Collect$$rtexit$$00000000  c_p.l(rtexit.o)
    0x0000015c   0x00000000   Code   RO          669    .ARM.Collect$$rtexit$$00000002  c_p.l(rtexit2.o)
    0x0000015c   0x00000004   Code   RO          670    .ARM.Collect$$rtexit$$00000003  c_p.l(rtexit2.o)
    0x00000160   0x00000006   Code   RO          671    .ARM.Collect$$rtexit$$00000004  c_p.l(rtexit2.o)
    0x00000166   0x00000002   PAD
    0x00000168   0x0000001e   Code   RO          136    .emb_text           simple_uart.o
    0x00000186   0x00000002   PAD
    0x00000188   0x00000038   Code   RO          560    .emb_text           c_p.l(rt_memcpy.o)
    0x000001c0   0x00000044   Code   RO            3    .text               main.o
    0x00000204   0x000000f0   Code   RO          137    .text               simple_uart.o
    0x000002f4   0x00000100   Code   RO          215    .text               ts_peripheral.o
    0x000003f4   0x000001f8   Code   RO          346    .text               advertise.o
    0x000005ec   0x00000128   Code   RO          380    .text               fsm_adv_generic.o
    0x00000714   0x00000358   Code   RO          409    .text               fsm_sconn.o
    0x00000a6c   0x000001bc   Code   RO          447    .text               slave_dispatch.o
    0x00000c28   0x00000420   Code   RO          473    .text               att.o
    0x00001048   0x000000d0   Code   RO          499    .text               app.o
    0x00001118   0x00000048   Code   RO          528  * .text               arm_startup_nrf51.o
    0x00001160   0x000000a8   Code   RO          534    .text               system_nrf51.o
    0x00001208   0x00000082   Code   RO          561    .text               c_p.l(rt_memcpy.o)
    0x0000128a   0x00000022   Code   RO          564    .text               c_p.l(uread4.o)
    0x000012ac   0x0000015a   Code   RO          566    .text               c_p.l(aeabi_sdiv.o)
    0x00001406   0x00000006   Code   RO          570    .text               c_p.l(heapauxi.o)
    0x0000140c   0x0000003e   Code   RO          596    .text               c_p.l(sys_stackheap_outer.o)
    0x0000144a   0x0000000c   Code   RO          599    .text               c_p.l(exit.o)
    0x00001456   0x00000002   PAD
    0x00001458   0x00000008   Code   RO          611    .text               c_p.l(libspace.o)
    0x00001460   0x0000000c   Code   RO          666    .text               c_p.l(sys_exit.o)
    0x0000146c   0x00000002   Code   RO          685    .text               c_p.l(use_no_semi.o)
    0x0000146e   0x00000000   Code   RO          687    .text               c_p.l(indicate_semi.o)
    0x0000146e   0x0000001a   Code   RO          517    i.__ARM_common_switch8  app.o
    0x00001488   0x00000020   Code   RO          284    i.periph_ppi_set    ts_peripheral.o
    0x000014a8   0x00000028   Code   RO          242    i.periph_radio_ch_set  ts_peripheral.o
    0x000014d0   0x0000000c   Code   RO          260    i.periph_radio_intenset  ts_peripheral.o
    0x000014dc   0x0000000c   Code   RO          248    i.periph_radio_shorts_set  ts_peripheral.o
    0x000014e8   0x00000003   Data   RO          216    .constdata          ts_peripheral.o
    0x000014eb   0x00000001   PAD
    0x000014ec   0x0000001c   Data   RO          382    .constdata          fsm_adv_generic.o
    0x00001508   0x0000001c   Data   RO          411    .constdata          fsm_sconn.o
    0x00001524   0x00000020   Data   RO          736    Region$$Table       anon$$obj.o


    Execution Region ER_RW (Base: 0x20000000, Size: 0x000000d8, Max: 0xffffffff, ABSOLUTE)

    Base Addr    Size         Type   Attr      Idx    E Section Name        Object

    0x20000000   0x00000004   Data   RW          217    .data               ts_peripheral.o
    0x20000004   0x0000001e   Data   RW          348    .data               advertise.o
    0x20000022   0x00000002   PAD
    0x20000024   0x0000003c   Data   RW          383    .data               fsm_adv_generic.o
    0x20000060   0x00000029   Data   RW          412    .data               fsm_sconn.o
    0x20000089   0x00000003   PAD
    0x2000008c   0x0000002a   Data   RW          449    .data               slave_dispatch.o
    0x200000b6   0x00000006   Data   RW          475    .data               att.o
    0x200000bc   0x00000016   Data   RW          500    .data               app.o
    0x200000d2   0x00000002   PAD
    0x200000d4   0x00000004   Data   RW          535    .data               system_nrf51.o


    Execution Region ER_ZI (Base: 0x200000d8, Size: 0x00001158, Max: 0xffffffff, ABSOLUTE)

    Base Addr    Size         Type   Attr      Idx    E Section Name        Object

    0x200000d8   0x00000025   Zero   RW          381    .bss                fsm_adv_generic.o
    0x200000fd   0x0000009b   Zero   RW          410    .bss                fsm_sconn.o
    0x20000198   0x0000001b   Zero   RW          448    .bss                slave_dispatch.o
    0x200001b3   0x0000001c   Zero   RW          474    .bss                att.o
    0x200001cf   0x00000001   PAD
    0x200001d0   0x00000060   Zero   RW          612    .bss                c_p.l(libspace.o)
    0x20000230   0x00000800   Zero   RW          526    HEAP                arm_startup_nrf51.o
    0x20000a30   0x00000800   Zero   RW          525    STACK               arm_startup_nrf51.o


==============================================================================

Image component sizes


      Code (inc. data)   RO Data    RW Data    ZI Data      Debug   Object Name

       504         34          0         30          0       3330   advertise.o
       234         20          0         22          0       3678   app.o
        72         32        192          0       4096        656   arm_startup_nrf51.o
      1056         30          0          6         28       4388   att.o
       296         24         28         60         37       3741   fsm_adv_generic.o
       856         54         28         41        155      13074   fsm_sconn.o
        68         10          0          0          0      24731   main.o
       270         22          0          0          0       4695   simple_uart.o
       444         10          0         42         27       3352   slave_dispatch.o
       168         30          0          4          0       1649   system_nrf51.o
       352         92          3          4          0       9909   ts_peripheral.o

    ----------------------------------------------------------------------
      4322        358        284        216       4344      73203   Object Totals
         0          0         32          0          0          0   (incl. Generated)
         2          0          1          7          1          0   (incl. Padding)

    ----------------------------------------------------------------------

      Code (inc. data)   RO Data    RW Data    ZI Data      Debug   Library Member Name

         8          0          0          0          0         68   __main.o
        60          8          0          0          0          0   __scatter.o
        26          0          0          0          0          0   __scatter_copy.o
        28          0          0          0          0          0   __scatter_zi.o
       346          0          0          0          0         92   aeabi_sdiv.o
        12          0          0          0          0         64   exit.o
         6          0          0          0          0        136   heapauxi.o
         0          0          0          0          0          0   indicate_semi.o
         2          0          0          0          0          0   libinit.o
         6          0          0          0          0          0   libinit2.o
         2          0          0          0          0          0   libshutdown.o
         2          0          0          0          0          0   libshutdown2.o
         8          4          0          0         96         68   libspace.o
       186          0          0          0          0        144   rt_memcpy.o
         0          0          0          0          0          0   rtentry.o
        12          0          0          0          0          0   rtentry2.o
         6          0          0          0          0          0   rtentry4.o
         2          0          0          0          0          0   rtexit.o
        10          0          0          0          0          0   rtexit2.o
        12          4          0          0          0         60   sys_exit.o
        62          0          0          0          0         80   sys_stackheap_outer.o
        34          0          0          0          0         60   uread4.o
         2          0          0          0          0         68   use_no_semi.o

    ----------------------------------------------------------------------
       838         16          0          0         96        840   Library Totals
         6          0          0          0          0          0   (incl. Padding)

    ----------------------------------------------------------------------

      Code (inc. data)   RO Data    RW Data    ZI Data      Debug   Library Name

       832         16          0          0         96        840   c_p.l

    ----------------------------------------------------------------------
       838         16          0          0         96        840   Library Totals

    ----------------------------------------------------------------------

==============================================================================


      Code (inc. data)   RO Data    RW Data    ZI Data      Debug   

      5160        374        284        216       4440      72827   Grand Totals
      5160        374        284        216       4440      72827   ELF Image Totals
      5160        374        284        216          0          0   ROM Totals

==============================================================================

    Total RO  Size (Code + RO Data)                 5444 (   5.32kB)
    Total RW  Size (RW Data + ZI Data)              4656 (   4.55kB)
    Total ROM Size (Code + RO Data + RW Data)       5660 (   5.53kB)

==============================================================================

